162.158.151.148 - - [01/May/2024:08:13:18 +0000]  200 GET /assets/TemplateFiles-d280b41c.js HTTP/2.01687-Mozilla/5.0 (Windows NT 10.0; Win64; x64) AppleWebKit/537.36 (KHTML, like Gecko) Chrome/124.0.0.0 Safari/537.36212.58.120.158
162.158.151.135 - - [01/May/2024:08:13:18 +0000]  200 GET /assets/TemplateFileTree-39af074f.css HTTP/2.017656-Mozilla/5.0 (Windows NT 10.0; Win64; x64) AppleWebKit/537.36 (KHTML, like Gecko) Chrome/124.0.0.0 Safari/537.36212.58.120.158
162.158.151.139 - - [01/May/2024:08:13:18 +0000]  200 GET /assets/utils-95e50bbd.js HTTP/2.0106-Mozilla/5.0 (Windows NT 10.0; Win64; x64) AppleWebKit/537.36 (KHTML, like Gecko) Chrome/124.0.0.0 Safari/537.36212.58.120.158
162.158.151.143 - - [01/May/2024:08:13:18 +0000]  200 GET /api/v2/workspaces?q=template%3Akubernetes HTTP/2.048-Mozilla/5.0 (Windows NT 10.0; Win64; x64) AppleWebKit/537.36 (KHTML, like Gecko) Chrome/124.0.0.0 Safari/537.36212.58.120.158
162.158.151.153 - - [01/May/2024:08:13:18 +0000]  200 GET /assets/TemplateFileTree-ad6f7f73.js HTTP/2.0732418-Mozilla/5.0 (Windows NT 10.0; Win64; x64) AppleWebKit/537.36 (KHTML, like Gecko) Chrome/124.0.0.0 Safari/537.36212.58.120.158
162.158.151.143 - - [01/May/2024:08:13:19 +0000]  200 GET /api/v2/files/fb842fdd-7a05-4910-aa1d-4b20037eb19f HTTP/2.013312-Mozilla/5.0 (Windows NT 10.0; Win64; x64) AppleWebKit/537.36 (KHTML, like Gecko) Chrome/124.0.0.0 Safari/537.36212.58.120.158
162.158.151.143 - - [01/May/2024:08:13:19 +0000]  404 GET /api/v2/organizations/3741045f-5eb2-4a99-93ed-b96bffdbddda/templates/kubernetes/versions/romantic_poitras0/previous HTTP/2.094-Mozilla/5.0 (Windows NT 10.0; Win64; x64) AppleWebKit/537.36 (KHTML, like Gecko) Chrome/124.0.0.0 Safari/537.36212.58.120.158
162.158.151.154 - - [01/May/2024:08:13:20 +0000]  200 GET /assets/hcl-8b69c899.js HTTP/1.11546-Mozilla/5.0 (Windows NT 10.0; Win64; x64) AppleWebKit/537.36 (KHTML, like Gecko) Chrome/124.0.0.0 Safari/537.36212.58.120.158
162.158.151.135 - - [01/May/2024:08:13:20 +0000]  200 GET /assets/markdown-1cddbf33.js HTTP/2.01417-Mozilla/5.0 (Windows NT 10.0; Win64; x64) AppleWebKit/537.36 (KHTML, like Gecko) Chrome/124.0.0.0 Safari/537.36212.58.120.158
162.158.151.140 - - [01/May/2024:08:13:21 +0000]  200 GET /assets/codicon-8b349ebc.ttf HTTP/2.073624-Mozilla/5.0 (Windows NT 10.0; Win64; x64) AppleWebKit/537.36 (KHTML, like Gecko) Chrome/124.0.0.0 Safari/537.36212.58.120.158
162.158.151.142 - - [01/May/2024:08:13:35 +0000]  200 GET /stable-9a28bc29dbddb6886dfe03dc1c31320249a901ce?reconnectionToken=60e52c22-e040-4c34-969b-fd7ab8b74ff1&reconnection=true&skipWebSocketFrames=false HTTP/1.11713-Mozilla/5.0 (Windows NT 10.0; Win64; x64) AppleWebKit/537.36 (KHTML, like Gecko) Chrome/124.0.0.0 Safari/537.36212.58.120.158
162.158.151.154 - - [01/May/2024:08:13:38 +0000]  200 GET /stable-9a28bc29dbddb6886dfe03dc1c31320249a901ce?reconnectionToken=dd6271e4-b1cc-402d-8c4d-631e102e8c11&reconnection=true&skipWebSocketFrames=false HTTP/1.11709-Mozilla/5.0 (Windows NT 10.0; Win64; x64) AppleWebKit/537.36 (KHTML, like Gecko) Chrome/124.0.0.0 Safari/537.36212.58.120.158
162.158.151.142 - - [01/May/2024:08:13:42 +0000]  200 GET /api/v2/deployment/stats HTTP/2.0234-Mozilla/5.0 (Windows NT 10.0; Win64; x64) AppleWebKit/537.36 (KHTML, like Gecko) Chrome/124.0.0.0 Safari/537.36212.58.120.158
162.158.151.145 - - [01/May/2024:08:14:06 +0000]  200 GET /stable-9a28bc29dbddb6886dfe03dc1c31320249a901ce?reconnectionToken=60e52c22-e040-4c34-969b-fd7ab8b74ff1&reconnection=true&skipWebSocketFrames=false HTTP/1.11711-Mozilla/5.0 (Windows NT 10.0; Win64; x64) AppleWebKit/537.36 (KHTML, like Gecko) Chrome/124.0.0.0 Safari/537.36212.58.120.158
162.158.151.135 - - [01/May/2024:08:14:09 +0000]  200 GET /stable-9a28bc29dbddb6886dfe03dc1c31320249a901ce?reconnectionToken=dd6271e4-b1cc-402d-8c4d-631e102e8c11&reconnection=true&skipWebSocketFrames=false HTTP/1.11707-Mozilla/5.0 (Windows NT 10.0; Win64; x64) AppleWebKit/537.36 (KHTML, like Gecko) Chrome/124.0.0.0 Safari/537.36212.58.120.158
162.158.151.137 - - [01/May/2024:08:14:37 +0000]  200 GET /stable-9a28bc29dbddb6886dfe03dc1c31320249a901ce?reconnectionToken=60e52c22-e040-4c34-969b-fd7ab8b74ff1&reconnection=true&skipWebSocketFrames=false HTTP/1.11711-Mozilla/5.0 (Windows NT 10.0; Win64; x64) AppleWebKit/537.36 (KHTML, like Gecko) Chrome/124.0.0.0 Safari/537.36212.58.120.158
162.158.151.139 - - [01/May/2024:08:14:40 +0000]  200 GET /stable-9a28bc29dbddb6886dfe03dc1c31320249a901ce?reconnectionToken=dd6271e4-b1cc-402d-8c4d-631e102e8c11&reconnection=true&skipWebSocketFrames=false HTTP/1.11710-Mozilla/5.0 (Windows NT 10.0; Win64; x64) AppleWebKit/537.36 (KHTML, like Gecko) Chrome/124.0.0.0 Safari/537.36212.58.120.158
162.158.186.245 - - [01/May/2024:08:15:03 +0000]  502 GET / HTTP/2.0157-curl/7.29.0223.113.128.225
162.158.41.49 - - [01/May/2024:08:15:04 +0000]  502 GET / HTTP/2.0157-curl/7.29.0223.113.128.225
162.158.151.154 - - [01/May/2024:08:15:08 +0000]  200 GET /stable-9a28bc29dbddb6886dfe03dc1c31320249a901ce?reconnectionToken=60e52c22-e040-4c34-969b-fd7ab8b74ff1&reconnection=true&skipWebSocketFrames=false HTTP/1.11711-Mozilla/5.0 (Windows NT 10.0; Win64; x64) AppleWebKit/537.36 (KHTML, like Gecko) Chrome/124.0.0.0 Safari/537.36212.58.120.158
162.158.151.139 - - [01/May/2024:08:15:11 +0000]  200 GET /stable-9a28bc29dbddb6886dfe03dc1c31320249a901ce?reconnectionToken=dd6271e4-b1cc-402d-8c4d-631e102e8c11&reconnection=true&skipWebSocketFrames=false HTTP/1.11710-Mozilla/5.0 (Windows NT 10.0; Win64; x64) AppleWebKit/537.36 (KHTML, like Gecko) Chrome/124.0.0.0 Safari/537.36212.58.120.158
162.158.151.149 - - [01/May/2024:08:15:41 +0000]  200 GET /stable-9a28bc29dbddb6886dfe03dc1c31320249a901ce?reconnectionToken=60e52c22-e040-4c34-969b-fd7ab8b74ff1&reconnection=true&skipWebSocketFrames=false HTTP/1.11704-Mozilla/5.0 (Windows NT 10.0; Win64; x64) AppleWebKit/537.36 (KHTML, like Gecko) Chrome/124.0.0.0 Safari/537.36212.58.120.158
162.158.151.139 - - [01/May/2024:08:15:42 +0000]  200 GET /stable-9a28bc29dbddb6886dfe03dc1c31320249a901ce?reconnectionToken=dd6271e4-b1cc-402d-8c4d-631e102e8c11&reconnection=true&skipWebSocketFrames=false HTTP/1.11715-Mozilla/5.0 (Windows NT 10.0; Win64; x64) AppleWebKit/537.36 (KHTML, like Gecko) Chrome/124.0.0.0 Safari/537.36212.58.120.158
162.158.151.145 - - [01/May/2024:08:16:11 +0000]  200 GET /stable-9a28bc29dbddb6886dfe03dc1c31320249a901ce?reconnectionToken=60e52c22-e040-4c34-969b-fd7ab8b74ff1&reconnection=true&skipWebSocketFrames=false HTTP/1.11715-Mozilla/5.0 (Windows NT 10.0; Win64; x64) AppleWebKit/537.36 (KHTML, like Gecko) Chrome/124.0.0.0 Safari/537.36212.58.120.158
162.158.151.146 - - [01/May/2024:08:16:13 +0000]  200 GET /stable-9a28bc29dbddb6886dfe03dc1c31320249a901ce?reconnectionToken=dd6271e4-b1cc-402d-8c4d-631e102e8c11&reconnection=true&skipWebSocketFrames=false HTTP/1.11710-Mozilla/5.0 (Windows NT 10.0; Win64; x64) AppleWebKit/537.36 (KHTML, like Gecko) Chrome/124.0.0.0 Safari/537.36212.58.120.158
162.158.151.136 - - [01/May/2024:08:16:42 +0000]  200 GET /stable-9a28bc29dbddb6886dfe03dc1c31320249a901ce?reconnectionToken=60e52c22-e040-4c34-969b-fd7ab8b74ff1&reconnection=true&skipWebSocketFrames=false HTTP/1.11709-Mozilla/5.0 (Windows NT 10.0; Win64; x64) AppleWebKit/537.36 (KHTML, like Gecko) Chrome/124.0.0.0 Safari/537.36212.58.120.158
162.158.151.145 - - [01/May/2024:08:16:44 +0000]  200 GET /stable-9a28bc29dbddb6886dfe03dc1c31320249a901ce?reconnectionToken=dd6271e4-b1cc-402d-8c4d-631e102e8c11&reconnection=true&skipWebSocketFrames=false HTTP/1.11709-Mozilla/5.0 (Windows NT 10.0; Win64; x64) AppleWebKit/537.36 (KHTML, like Gecko) Chrome/124.0.0.0 Safari/537.36212.58.120.158
162.158.151.146 - - [01/May/2024:08:17:13 +0000]  200 GET /stable-9a28bc29dbddb6886dfe03dc1c31320249a901ce?reconnectionToken=60e52c22-e040-4c34-969b-fd7ab8b74ff1&reconnection=true&skipWebSocketFrames=false HTTP/1.11710-Mozilla/5.0 (Windows NT 10.0; Win64; x64) AppleWebKit/537.36 (KHTML, like Gecko) Chrome/124.0.0.0 Safari/537.36212.58.120.158
162.158.151.142 - - [01/May/2024:08:17:15 +0000]  200 GET /stable-9a28bc29dbddb6886dfe03dc1c31320249a901ce?reconnectionToken=dd6271e4-b1cc-402d-8c4d-631e102e8c11&reconnection=true&skipWebSocketFrames=false HTTP/1.11712-Mozilla/5.0 (Windows NT 10.0; Win64; x64) AppleWebKit/537.36 (KHTML, like Gecko) Chrome/124.0.0.0 Safari/537.36212.58.120.158
162.158.151.134 - - [01/May/2024:08:17:44 +0000]  200 GET /stable-9a28bc29dbddb6886dfe03dc1c31320249a901ce?reconnectionToken=60e52c22-e040-4c34-969b-fd7ab8b74ff1&reconnection=true&skipWebSocketFrames=false HTTP/1.11708-Mozilla/5.0 (Windows NT 10.0; Win64; x64) AppleWebKit/537.36 (KHTML, like Gecko) Chrome/124.0.0.0 Safari/537.36212.58.120.158
162.158.151.149 - - [01/May/2024:08:17:46 +0000]  200 GET /stable-9a28bc29dbddb6886dfe03dc1c31320249a901ce?reconnectionToken=dd6271e4-b1cc-402d-8c4d-631e102e8c11&reconnection=true&skipWebSocketFrames=false HTTP/1.11709-Mozilla/5.0 (Windows NT 10.0; Win64; x64) AppleWebKit/537.36 (KHTML, like Gecko) Chrome/124.0.0.0 Safari/537.36212.58.120.158
162.158.151.142 - - [01/May/2024:08:18:15 +0000]  200 GET /stable-9a28bc29dbddb6886dfe03dc1c31320249a901ce?reconnectionToken=60e52c22-e040-4c34-969b-fd7ab8b74ff1&reconnection=true&skipWebSocketFrames=false HTTP/1.11712-Mozilla/5.0 (Windows NT 10.0; Win64; x64) AppleWebKit/537.36 (KHTML, like Gecko) Chrome/124.0.0.0 Safari/537.36212.58.120.158
162.158.151.134 - - [01/May/2024:08:18:17 +0000]  200 GET /stable-9a28bc29dbddb6886dfe03dc1c31320249a901ce?reconnectionToken=dd6271e4-b1cc-402d-8c4d-631e102e8c11&reconnection=true&skipWebSocketFrames=false HTTP/1.11708-Mozilla/5.0 (Windows NT 10.0; Win64; x64) AppleWebKit/537.36 (KHTML, like Gecko) Chrome/124.0.0.0 Safari/537.36212.58.120.158
162.158.151.149 - - [01/May/2024:08:18:46 +0000]  200 GET /stable-9a28bc29dbddb6886dfe03dc1c31320249a901ce?reconnectionToken=60e52c22-e040-4c34-969b-fd7ab8b74ff1&reconnection=true&skipWebSocketFrames=false HTTP/1.11707-Mozilla/5.0 (Windows NT 10.0; Win64; x64) AppleWebKit/537.36 (KHTML, like Gecko) Chrome/124.0.0.0 Safari/537.36212.58.120.158
162.158.151.140 - - [01/May/2024:08:18:48 +0000]  200 GET /stable-9a28bc29dbddb6886dfe03dc1c31320249a901ce?reconnectionToken=dd6271e4-b1cc-402d-8c4d-631e102e8c11&reconnection=true&skipWebSocketFrames=false HTTP/1.11713-Mozilla/5.0 (Windows NT 10.0; Win64; x64) AppleWebKit/537.36 (KHTML, like Gecko) Chrome/124.0.0.0 Safari/537.36212.58.120.158
162.158.151.152 - - [01/May/2024:08:19:07 +0000]  200 GET /api/v2/deployment/stats HTTP/2.0235-Mozilla/5.0 (Windows NT 10.0; Win64; x64) AppleWebKit/537.36 (KHTML, like Gecko) Chrome/124.0.0.0 Safari/537.36212.58.120.158
162.158.151.147 - - [01/May/2024:08:19:17 +0000]  200 GET /stable-9a28bc29dbddb6886dfe03dc1c31320249a901ce?reconnectionToken=60e52c22-e040-4c34-969b-fd7ab8b74ff1&reconnection=true&skipWebSocketFrames=false HTTP/1.11711-Mozilla/5.0 (Windows NT 10.0; Win64; x64) AppleWebKit/537.36 (KHTML, like Gecko) Chrome/124.0.0.0 Safari/537.36212.58.120.158
162.158.151.134 - - [01/May/2024:08:19:19 +0000]  200 GET /stable-9a28bc29dbddb6886dfe03dc1c31320249a901ce?reconnectionToken=dd6271e4-b1cc-402d-8c4d-631e102e8c11&reconnection=true&skipWebSocketFrames=false HTTP/1.11706-Mozilla/5.0 (Windows NT 10.0; Win64; x64) AppleWebKit/537.36 (KHTML, like Gecko) Chrome/124.0.0.0 Safari/537.36212.58.120.158
162.158.151.149 - - [01/May/2024:08:19:48 +0000]  200 GET /stable-9a28bc29dbddb6886dfe03dc1c31320249a901ce?reconnectionToken=60e52c22-e040-4c34-969b-fd7ab8b74ff1&reconnection=true&skipWebSocketFrames=false HTTP/1.11711-Mozilla/5.0 (Windows NT 10.0; Win64; x64) AppleWebKit/537.36 (KHTML, like Gecko) Chrome/124.0.0.0 Safari/537.36212.58.120.158
162.158.151.134 - - [01/May/2024:08:19:50 +0000]  200 GET /stable-9a28bc29dbddb6886dfe03dc1c31320249a901ce?reconnectionToken=dd6271e4-b1cc-402d-8c4d-631e102e8c11&reconnection=true&skipWebSocketFrames=false HTTP/1.11709-Mozilla/5.0 (Windows NT 10.0; Win64; x64) AppleWebKit/537.36 (KHTML, like Gecko) Chrome/124.0.0.0 Safari/537.36212.58.120.158
162.158.151.149 - - [01/May/2024:08:20:19 +0000]  200 GET /stable-9a28bc29dbddb6886dfe03dc1c31320249a901ce?reconnectionToken=60e52c22-e040-4c34-969b-fd7ab8b74ff1&reconnection=true&skipWebSocketFrames=false HTTP/1.11708-Mozilla/5.0 (Windows NT 10.0; Win64; x64) AppleWebKit/537.36 (KHTML, like Gecko) Chrome/124.0.0.0 Safari/537.36212.58.120.158
162.158.151.134 - - [01/May/2024:08:20:21 +0000]  200 GET /stable-9a28bc29dbddb6886dfe03dc1c31320249a901ce?reconnectionToken=dd6271e4-b1cc-402d-8c4d-631e102e8c11&reconnection=true&skipWebSocketFrames=false HTTP/1.11711-Mozilla/5.0 (Windows NT 10.0; Win64; x64) AppleWebKit/537.36 (KHTML, like Gecko) Chrome/124.0.0.0 Safari/537.36212.58.120.158
162.158.151.133 - - [01/May/2024:08:20:50 +0000]  200 GET /stable-9a28bc29dbddb6886dfe03dc1c31320249a901ce?reconnectionToken=60e52c22-e040-4c34-969b-fd7ab8b74ff1&reconnection=true&skipWebSocketFrames=false HTTP/1.11708-Mozilla/5.0 (Windows NT 10.0; Win64; x64) AppleWebKit/537.36 (KHTML, like Gecko) Chrome/124.0.0.0 Safari/537.36212.58.120.158
162.158.151.137 - - [01/May/2024:08:20:52 +0000]  200 GET /stable-9a28bc29dbddb6886dfe03dc1c31320249a901ce?reconnectionToken=dd6271e4-b1cc-402d-8c4d-631e102e8c11&reconnection=true&skipWebSocketFrames=false HTTP/1.11715-Mozilla/5.0 (Windows NT 10.0; Win64; x64) AppleWebKit/537.36 (KHTML, like Gecko) Chrome/124.0.0.0 Safari/537.36212.58.120.158
162.158.151.154 - - [01/May/2024:08:21:21 +0000]  200 GET /stable-9a28bc29dbddb6886dfe03dc1c31320249a901ce?reconnectionToken=60e52c22-e040-4c34-969b-fd7ab8b74ff1&reconnection=true&skipWebSocketFrames=false HTTP/1.11713-Mozilla/5.0 (Windows NT 10.0; Win64; x64) AppleWebKit/537.36 (KHTML, like Gecko) Chrome/124.0.0.0 Safari/537.36212.58.120.158
162.158.151.134 - - [01/May/2024:08:21:23 +0000]  200 GET /stable-9a28bc29dbddb6886dfe03dc1c31320249a901ce?reconnectionToken=dd6271e4-b1cc-402d-8c4d-631e102e8c11&reconnection=true&skipWebSocketFrames=false HTTP/1.11712-Mozilla/5.0 (Windows NT 10.0; Win64; x64) AppleWebKit/537.36 (KHTML, like Gecko) Chrome/124.0.0.0 Safari/537.36212.58.120.158
162.158.151.142 - - [01/May/2024:08:21:52 +0000]  200 GET /stable-9a28bc29dbddb6886dfe03dc1c31320249a901ce?reconnectionToken=60e52c22-e040-4c34-969b-fd7ab8b74ff1&reconnection=true&skipWebSocketFrames=false HTTP/1.11710-Mozilla/5.0 (Windows NT 10.0; Win64; x64) AppleWebKit/537.36 (KHTML, like Gecko) Chrome/124.0.0.0 Safari/537.36212.58.120.158
162.158.151.146 - - [01/May/2024:08:21:54 +0000]  200 GET /stable-9a28bc29dbddb6886dfe03dc1c31320249a901ce?reconnectionToken=dd6271e4-b1cc-402d-8c4d-631e102e8c11&reconnection=true&skipWebSocketFrames=false HTTP/1.11709-Mozilla/5.0 (Windows NT 10.0; Win64; x64) AppleWebKit/537.36 (KHTML, like Gecko) Chrome/124.0.0.0 Safari/537.36212.58.120.158
162.158.151.138 - - [01/May/2024:08:22:23 +0000]  200 GET /stable-9a28bc29dbddb6886dfe03dc1c31320249a901ce?reconnectionToken=60e52c22-e040-4c34-969b-fd7ab8b74ff1&reconnection=true&skipWebSocketFrames=false HTTP/1.11707-Mozilla/5.0 (Windows NT 10.0; Win64; x64) AppleWebKit/537.36 (KHTML, like Gecko) Chrome/124.0.0.0 Safari/537.36212.58.120.158
162.158.151.140 - - [01/May/2024:08:22:25 +0000]  200 GET /stable-9a28bc29dbddb6886dfe03dc1c31320249a901ce?reconnectionToken=dd6271e4-b1cc-402d-8c4d-631e102e8c11&reconnection=true&skipWebSocketFrames=false HTTP/1.11710-Mozilla/5.0 (Windows NT 10.0; Win64; x64) AppleWebKit/537.36 (KHTML, like Gecko) Chrome/124.0.0.0 Safari/537.36212.58.120.158
162.158.151.137 - - [01/May/2024:08:22:54 +0000]  200 GET /stable-9a28bc29dbddb6886dfe03dc1c31320249a901ce?reconnectionToken=60e52c22-e040-4c34-969b-fd7ab8b74ff1&reconnection=true&skipWebSocketFrames=false HTTP/1.11710-Mozilla/5.0 (Windows NT 10.0; Win64; x64) AppleWebKit/537.36 (KHTML, like Gecko) Chrome/124.0.0.0 Safari/537.36212.58.120.158
162.158.151.140 - - [01/May/2024:08:22:56 +0000]  200 GET /stable-9a28bc29dbddb6886dfe03dc1c31320249a901ce?reconnectionToken=dd6271e4-b1cc-402d-8c4d-631e102e8c11&reconnection=true&skipWebSocketFrames=false HTTP/1.11713-Mozilla/5.0 (Windows NT 10.0; Win64; x64) AppleWebKit/537.36 (KHTML, like Gecko) Chrome/124.0.0.0 Safari/537.36212.58.120.158
162.158.151.152 - - [01/May/2024:08:23:25 +0000]  200 GET /stable-9a28bc29dbddb6886dfe03dc1c31320249a901ce?reconnectionToken=60e52c22-e040-4c34-969b-fd7ab8b74ff1&reconnection=true&skipWebSocketFrames=false HTTP/1.11704-Mozilla/5.0 (Windows NT 10.0; Win64; x64) AppleWebKit/537.36 (KHTML, like Gecko) Chrome/124.0.0.0 Safari/537.36212.58.120.158
162.158.151.137 - - [01/May/2024:08:23:27 +0000]  200 GET /stable-9a28bc29dbddb6886dfe03dc1c31320249a901ce?reconnectionToken=dd6271e4-b1cc-402d-8c4d-631e102e8c11&reconnection=true&skipWebSocketFrames=false HTTP/1.11705-Mozilla/5.0 (Windows NT 10.0; Win64; x64) AppleWebKit/537.36 (KHTML, like Gecko) Chrome/124.0.0.0 Safari/537.36212.58.120.158
162.158.151.140 - - [01/May/2024:08:23:56 +0000]  200 GET /stable-9a28bc29dbddb6886dfe03dc1c31320249a901ce?reconnectionToken=60e52c22-e040-4c34-969b-fd7ab8b74ff1&reconnection=true&skipWebSocketFrames=false HTTP/1.11706-Mozilla/5.0 (Windows NT 10.0; Win64; x64) AppleWebKit/537.36 (KHTML, like Gecko) Chrome/124.0.0.0 Safari/537.36212.58.120.158
162.158.151.135 - - [01/May/2024:08:23:58 +0000]  200 GET /stable-9a28bc29dbddb6886dfe03dc1c31320249a901ce?reconnectionToken=dd6271e4-b1cc-402d-8c4d-631e102e8c11&reconnection=true&skipWebSocketFrames=false HTTP/1.11710-Mozilla/5.0 (Windows NT 10.0; Win64; x64) AppleWebKit/537.36 (KHTML, like Gecko) Chrome/124.0.0.0 Safari/537.36212.58.120.158
162.158.151.143 - - [01/May/2024:08:24:27 +0000]  200 GET /stable-9a28bc29dbddb6886dfe03dc1c31320249a901ce?reconnectionToken=60e52c22-e040-4c34-969b-fd7ab8b74ff1&reconnection=true&skipWebSocketFrames=false HTTP/1.11711-Mozilla/5.0 (Windows NT 10.0; Win64; x64) AppleWebKit/537.36 (KHTML, like Gecko) Chrome/124.0.0.0 Safari/537.36212.58.120.158
162.158.151.149 - - [01/May/2024:08:24:29 +0000]  200 GET /stable-9a28bc29dbddb6886dfe03dc1c31320249a901ce?reconnectionToken=dd6271e4-b1cc-402d-8c4d-631e102e8c11&reconnection=true&skipWebSocketFrames=false HTTP/1.11707-Mozilla/5.0 (Windows NT 10.0; Win64; x64) AppleWebKit/537.36 (KHTML, like Gecko) Chrome/124.0.0.0 Safari/537.36212.58.120.158
162.158.151.139 - - [01/May/2024:08:24:58 +0000]  200 GET /stable-9a28bc29dbddb6886dfe03dc1c31320249a901ce?reconnectionToken=60e52c22-e040-4c34-969b-fd7ab8b74ff1&reconnection=true&skipWebSocketFrames=false HTTP/1.11708-Mozilla/5.0 (Windows NT 10.0; Win64; x64) AppleWebKit/537.36 (KHTML, like Gecko) Chrome/124.0.0.0 Safari/537.36212.58.120.158
162.158.151.144 - - [01/May/2024:08:25:00 +0000]  200 GET /stable-9a28bc29dbddb6886dfe03dc1c31320249a901ce?reconnectionToken=dd6271e4-b1cc-402d-8c4d-631e102e8c11&reconnection=true&skipWebSocketFrames=false HTTP/1.11708-Mozilla/5.0 (Windows NT 10.0; Win64; x64) AppleWebKit/537.36 (KHTML, like Gecko) Chrome/124.0.0.0 Safari/537.36212.58.120.158
141.101.99.25 - - [01/May/2024:08:25:25 +0000]  502 GET / HTTP/2.0559http://ay0ks.wtfMozilla/5.0 (Windows NT 10.0; Win64; x64) AppleWebKit/537.36 (KHTML, like Gecko) Chrome/99.0.4844.51 Safari/537.368.134.189.66
162.158.151.143 - - [01/May/2024:08:25:29 +0000]  200 GET /stable-9a28bc29dbddb6886dfe03dc1c31320249a901ce?reconnectionToken=60e52c22-e040-4c34-969b-fd7ab8b74ff1&reconnection=true&skipWebSocketFrames=false HTTP/1.11705-Mozilla/5.0 (Windows NT 10.0; Win64; x64) AppleWebKit/537.36 (KHTML, like Gecko) Chrome/124.0.0.0 Safari/537.36212.58.120.158
162.158.151.143 - - [01/May/2024:08:25:31 +0000]  200 GET /stable-9a28bc29dbddb6886dfe03dc1c31320249a901ce?reconnectionToken=dd6271e4-b1cc-402d-8c4d-631e102e8c11&reconnection=true&skipWebSocketFrames=false HTTP/1.11707-Mozilla/5.0 (Windows NT 10.0; Win64; x64) AppleWebKit/537.36 (KHTML, like Gecko) Chrome/124.0.0.0 Safari/537.36212.58.120.158
162.158.151.144 - - [01/May/2024:08:26:00 +0000]  200 GET /stable-9a28bc29dbddb6886dfe03dc1c31320249a901ce?reconnectionToken=60e52c22-e040-4c34-969b-fd7ab8b74ff1&reconnection=true&skipWebSocketFrames=false HTTP/1.11707-Mozilla/5.0 (Windows NT 10.0; Win64; x64) AppleWebKit/537.36 (KHTML, like Gecko) Chrome/124.0.0.0 Safari/537.36212.58.120.158
162.158.151.136 - - [01/May/2024:08:26:02 +0000]  200 GET /stable-9a28bc29dbddb6886dfe03dc1c31320249a901ce?reconnectionToken=dd6271e4-b1cc-402d-8c4d-631e102e8c11&reconnection=true&skipWebSocketFrames=false HTTP/1.11710-Mozilla/5.0 (Windows NT 10.0; Win64; x64) AppleWebKit/537.36 (KHTML, like Gecko) Chrome/124.0.0.0 Safari/537.36212.58.120.158
162.158.151.134 - - [01/May/2024:08:26:31 +0000]  200 GET /stable-9a28bc29dbddb6886dfe03dc1c31320249a901ce?reconnectionToken=60e52c22-e040-4c34-969b-fd7ab8b74ff1&reconnection=true&skipWebSocketFrames=false HTTP/1.11710-Mozilla/5.0 (Windows NT 10.0; Win64; x64) AppleWebKit/537.36 (KHTML, like Gecko) Chrome/124.0.0.0 Safari/537.36212.58.120.158
162.158.151.147 - - [01/May/2024:08:26:33 +0000]  200 GET /stable-9a28bc29dbddb6886dfe03dc1c31320249a901ce?reconnectionToken=dd6271e4-b1cc-402d-8c4d-631e102e8c11&reconnection=true&skipWebSocketFrames=false HTTP/1.11708-Mozilla/5.0 (Windows NT 10.0; Win64; x64) AppleWebKit/537.36 (KHTML, like Gecko) Chrome/124.0.0.0 Safari/537.36212.58.120.158
162.158.151.136 - - [01/May/2024:08:27:02 +0000]  200 GET /stable-9a28bc29dbddb6886dfe03dc1c31320249a901ce?reconnectionToken=60e52c22-e040-4c34-969b-fd7ab8b74ff1&reconnection=true&skipWebSocketFrames=false HTTP/1.11710-Mozilla/5.0 (Windows NT 10.0; Win64; x64) AppleWebKit/537.36 (KHTML, like Gecko) Chrome/124.0.0.0 Safari/537.36212.58.120.158
162.158.151.154 - - [01/May/2024:08:27:04 +0000]  200 GET /stable-9a28bc29dbddb6886dfe03dc1c31320249a901ce?reconnectionToken=dd6271e4-b1cc-402d-8c4d-631e102e8c11&reconnection=true&skipWebSocketFrames=false HTTP/1.11709-Mozilla/5.0 (Windows NT 10.0; Win64; x64) AppleWebKit/537.36 (KHTML, like Gecko) Chrome/124.0.0.0 Safari/537.36212.58.120.158
162.158.151.144 - - [01/May/2024:08:27:33 +0000]  200 GET /stable-9a28bc29dbddb6886dfe03dc1c31320249a901ce?reconnectionToken=60e52c22-e040-4c34-969b-fd7ab8b74ff1&reconnection=true&skipWebSocketFrames=false HTTP/1.11711-Mozilla/5.0 (Windows NT 10.0; Win64; x64) AppleWebKit/537.36 (KHTML, like Gecko) Chrome/124.0.0.0 Safari/537.36212.58.120.158
162.158.151.154 - - [01/May/2024:08:27:35 +0000]  200 GET /stable-9a28bc29dbddb6886dfe03dc1c31320249a901ce?reconnectionToken=dd6271e4-b1cc-402d-8c4d-631e102e8c11&reconnection=true&skipWebSocketFrames=false HTTP/1.11706-Mozilla/5.0 (Windows NT 10.0; Win64; x64) AppleWebKit/537.36 (KHTML, like Gecko) Chrome/124.0.0.0 Safari/537.36212.58.120.158
162.158.151.144 - - [01/May/2024:08:28:04 +0000]  200 GET /stable-9a28bc29dbddb6886dfe03dc1c31320249a901ce?reconnectionToken=60e52c22-e040-4c34-969b-fd7ab8b74ff1&reconnection=true&skipWebSocketFrames=false HTTP/1.11709-Mozilla/5.0 (Windows NT 10.0; Win64; x64) AppleWebKit/537.36 (KHTML, like Gecko) Chrome/124.0.0.0 Safari/537.36212.58.120.158
162.158.151.143 - - [01/May/2024:08:28:06 +0000]  200 GET /stable-9a28bc29dbddb6886dfe03dc1c31320249a901ce?reconnectionToken=dd6271e4-b1cc-402d-8c4d-631e102e8c11&reconnection=true&skipWebSocketFrames=false HTTP/1.11712-Mozilla/5.0 (Windows NT 10.0; Win64; x64) AppleWebKit/537.36 (KHTML, like Gecko) Chrome/124.0.0.0 Safari/537.36212.58.120.158
162.158.151.148 - - [01/May/2024:08:28:35 +0000]  200 GET /stable-9a28bc29dbddb6886dfe03dc1c31320249a901ce?reconnectionToken=60e52c22-e040-4c34-969b-fd7ab8b74ff1&reconnection=true&skipWebSocketFrames=false HTTP/1.11706-Mozilla/5.0 (Windows NT 10.0; Win64; x64) AppleWebKit/537.36 (KHTML, like Gecko) Chrome/124.0.0.0 Safari/537.36212.58.120.158
162.158.151.134 - - [01/May/2024:08:28:37 +0000]  200 GET /stable-9a28bc29dbddb6886dfe03dc1c31320249a901ce?reconnectionToken=dd6271e4-b1cc-402d-8c4d-631e102e8c11&reconnection=true&skipWebSocketFrames=false HTTP/1.11705-Mozilla/5.0 (Windows NT 10.0; Win64; x64) AppleWebKit/537.36 (KHTML, like Gecko) Chrome/124.0.0.0 Safari/537.36212.58.120.158
162.158.151.148 - - [01/May/2024:08:28:46 +0000]  502 GET /api/v2/users?limit=25 HTTP/1.1559-Mozilla/5.0 (Windows NT 10.0; Win64; x64) AppleWebKit/537.36 (KHTML, like Gecko) Chrome/124.0.0.0 Safari/537.36212.58.120.158
162.158.151.149 - - [01/May/2024:08:28:46 +0000]  502 GET /api/v2/workspaces?q=owner%3Ame&limit=25&offset=0 HTTP/2.0559-Mozilla/5.0 (Windows NT 10.0; Win64; x64) AppleWebKit/537.36 (KHTML, like Gecko) Chrome/124.0.0.0 Safari/537.36212.58.120.158
162.158.151.149 - - [01/May/2024:08:28:46 +0000]  502 GET /api/v2/organizations/3741045f-5eb2-4a99-93ed-b96bffdbddda/templates?deprecated=false HTTP/2.0559-Mozilla/5.0 (Windows NT 10.0; Win64; x64) AppleWebKit/537.36 (KHTML, like Gecko) Chrome/124.0.0.0 Safari/537.36212.58.120.158
162.158.151.148 - - [01/May/2024:08:28:46 +0000]  502 GET /api/v2/organizations/3741045f-5eb2-4a99-93ed-b96bffdbddda/templates HTTP/2.0559-Mozilla/5.0 (Windows NT 10.0; Win64; x64) AppleWebKit/537.36 (KHTML, like Gecko) Chrome/124.0.0.0 Safari/537.36212.58.120.158
162.158.151.149 - - [01/May/2024:08:28:48 +0000]  502 GET /workspaces HTTP/2.0559-Mozilla/5.0 (Windows NT 10.0; Win64; x64) AppleWebKit/537.36 (KHTML, like Gecko) Chrome/124.0.0.0 Safari/537.36212.58.120.158
162.158.151.146 - - [01/May/2024:08:28:49 +0000]  502 GET /favicon.ico HTTP/2.0559https://code.ay0ks.wtf/workspacesMozilla/5.0 (Windows NT 10.0; Win64; x64) AppleWebKit/537.36 (KHTML, like Gecko) Chrome/124.0.0.0 Safari/537.36212.58.120.158
162.158.151.137 - - [01/May/2024:08:29:06 +0000]  502 GET /stable-9a28bc29dbddb6886dfe03dc1c31320249a901ce?reconnectionToken=60e52c22-e040-4c34-969b-fd7ab8b74ff1&reconnection=true&skipWebSocketFrames=false HTTP/1.1559-Mozilla/5.0 (Windows NT 10.0; Win64; x64) AppleWebKit/537.36 (KHTML, like Gecko) Chrome/124.0.0.0 Safari/537.36212.58.120.158
162.158.151.141 - - [01/May/2024:08:29:08 +0000]  502 GET /stable-9a28bc29dbddb6886dfe03dc1c31320249a901ce?reconnectionToken=dd6271e4-b1cc-402d-8c4d-631e102e8c11&reconnection=true&skipWebSocketFrames=false HTTP/1.1559-Mozilla/5.0 (Windows NT 10.0; Win64; x64) AppleWebKit/537.36 (KHTML, like Gecko) Chrome/124.0.0.0 Safari/537.36212.58.120.158
162.158.151.144 - - [01/May/2024:08:29:37 +0000]  502 GET /stable-9a28bc29dbddb6886dfe03dc1c31320249a901ce?reconnectionToken=60e52c22-e040-4c34-969b-fd7ab8b74ff1&reconnection=true&skipWebSocketFrames=false HTTP/1.1559-Mozilla/5.0 (Windows NT 10.0; Win64; x64) AppleWebKit/537.36 (KHTML, like Gecko) Chrome/124.0.0.0 Safari/537.36212.58.120.158
162.158.151.148 - - [01/May/2024:08:29:39 +0000]  502 GET /stable-9a28bc29dbddb6886dfe03dc1c31320249a901ce?reconnectionToken=dd6271e4-b1cc-402d-8c4d-631e102e8c11&reconnection=true&skipWebSocketFrames=false HTTP/1.1559-Mozilla/5.0 (Windows NT 10.0; Win64; x64) AppleWebKit/537.36 (KHTML, like Gecko) Chrome/124.0.0.0 Safari/537.36212.58.120.158
162.158.151.141 - - [01/May/2024:08:30:08 +0000]  502 GET /stable-9a28bc29dbddb6886dfe03dc1c31320249a901ce?reconnectionToken=60e52c22-e040-4c34-969b-fd7ab8b74ff1&reconnection=true&skipWebSocketFrames=false HTTP/1.1559-Mozilla/5.0 (Windows NT 10.0; Win64; x64) AppleWebKit/537.36 (KHTML, like Gecko) Chrome/124.0.0.0 Safari/537.36212.58.120.158
162.158.151.138 - - [01/May/2024:08:30:10 +0000]  502 GET /stable-9a28bc29dbddb6886dfe03dc1c31320249a901ce?reconnectionToken=dd6271e4-b1cc-402d-8c4d-631e102e8c11&reconnection=true&skipWebSocketFrames=false HTTP/1.1559-Mozilla/5.0 (Windows NT 10.0; Win64; x64) AppleWebKit/537.36 (KHTML, like Gecko) Chrome/124.0.0.0 Safari/537.36212.58.120.158
162.158.151.133 - - [01/May/2024:08:30:13 +0000]  502 GET /workspaces HTTP/2.0559-Mozilla/5.0 (Windows NT 10.0; Win64; x64) AppleWebKit/537.36 (KHTML, like Gecko) Chrome/124.0.0.0 Safari/537.36212.58.120.158
162.158.151.147 - - [01/May/2024:08:30:14 +0000]  502 GET /favicon.ico HTTP/2.0559https://code.ay0ks.wtf/workspacesMozilla/5.0 (Windows NT 10.0; Win64; x64) AppleWebKit/537.36 (KHTML, like Gecko) Chrome/124.0.0.0 Safari/537.36212.58.120.158
162.158.151.133 - - [01/May/2024:08:30:16 +0000]  502 GET /workspaces HTTP/2.0559-Mozilla/5.0 (Windows NT 10.0; Win64; x64) AppleWebKit/537.36 (KHTML, like Gecko) Chrome/124.0.0.0 Safari/537.36212.58.120.158
162.158.151.147 - - [01/May/2024:08:30:16 +0000]  502 GET /favicon.ico HTTP/2.0559https://code.ay0ks.wtf/workspacesMozilla/5.0 (Windows NT 10.0; Win64; x64) AppleWebKit/537.36 (KHTML, like Gecko) Chrome/124.0.0.0 Safari/537.36212.58.120.158
162.158.151.141 - - [01/May/2024:08:30:39 +0000]  502 GET /stable-9a28bc29dbddb6886dfe03dc1c31320249a901ce?reconnectionToken=60e52c22-e040-4c34-969b-fd7ab8b74ff1&reconnection=true&skipWebSocketFrames=false HTTP/1.1559-Mozilla/5.0 (Windows NT 10.0; Win64; x64) AppleWebKit/537.36 (KHTML, like Gecko) Chrome/124.0.0.0 Safari/537.36212.58.120.158
162.158.151.133 - - [01/May/2024:08:30:41 +0000]  502 GET /stable-9a28bc29dbddb6886dfe03dc1c31320249a901ce?reconnectionToken=dd6271e4-b1cc-402d-8c4d-631e102e8c11&reconnection=true&skipWebSocketFrames=false HTTP/1.1559-Mozilla/5.0 (Windows NT 10.0; Win64; x64) AppleWebKit/537.36 (KHTML, like Gecko) Chrome/124.0.0.0 Safari/537.36212.58.120.158
162.158.151.148 - - [01/May/2024:08:31:02 +0000]  502 GET /workspaces HTTP/2.0559-Mozilla/5.0 (Windows NT 10.0; Win64; x64) AppleWebKit/537.36 (KHTML, like Gecko) Chrome/124.0.0.0 Safari/537.36212.58.120.158
162.158.151.147 - - [01/May/2024:08:31:03 +0000]  502 GET /favicon.ico HTTP/2.0559https://code.ay0ks.wtf/workspacesMozilla/5.0 (Windows NT 10.0; Win64; x64) AppleWebKit/537.36 (KHTML, like Gecko) Chrome/124.0.0.0 Safari/537.36212.58.120.158
162.158.151.148 - - [01/May/2024:08:31:03 +0000]  502 GET /workspaces HTTP/2.0559-Mozilla/5.0 (Windows NT 10.0; Win64; x64) AppleWebKit/537.36 (KHTML, like Gecko) Chrome/124.0.0.0 Safari/537.36212.58.120.158
162.158.151.147 - - [01/May/2024:08:31:04 +0000]  502 GET /favicon.ico HTTP/2.0559https://code.ay0ks.wtf/workspacesMozilla/5.0 (Windows NT 10.0; Win64; x64) AppleWebKit/537.36 (KHTML, like Gecko) Chrome/124.0.0.0 Safari/537.36212.58.120.158
162.158.151.148 - - [01/May/2024:08:31:04 +0000]  502 GET /workspaces HTTP/2.0559-Mozilla/5.0 (Windows NT 10.0; Win64; x64) AppleWebKit/537.36 (KHTML, like Gecko) Chrome/124.0.0.0 Safari/537.36212.58.120.158
162.158.151.147 - - [01/May/2024:08:31:04 +0000]  502 GET /favicon.ico HTTP/2.0559https://code.ay0ks.wtf/workspacesMozilla/5.0 (Windows NT 10.0; Win64; x64) AppleWebKit/537.36 (KHTML, like Gecko) Chrome/124.0.0.0 Safari/537.36212.58.120.158
162.158.151.148 - - [01/May/2024:08:31:05 +0000]  502 GET /workspaces HTTP/2.0559-Mozilla/5.0 (Windows NT 10.0; Win64; x64) AppleWebKit/537.36 (KHTML, like Gecko) Chrome/124.0.0.0 Safari/537.36212.58.120.158
162.158.151.147 - - [01/May/2024:08:31:05 +0000]  502 GET /favicon.ico HTTP/2.0559https://code.ay0ks.wtf/workspacesMozilla/5.0 (Windows NT 10.0; Win64; x64) AppleWebKit/537.36 (KHTML, like Gecko) Chrome/124.0.0.0 Safari/537.36212.58.120.158
162.158.151.135 - - [01/May/2024:08:31:10 +0000]  502 GET /stable-9a28bc29dbddb6886dfe03dc1c31320249a901ce?reconnectionToken=60e52c22-e040-4c34-969b-fd7ab8b74ff1&reconnection=true&skipWebSocketFrames=false HTTP/1.1559-Mozilla/5.0 (Windows NT 10.0; Win64; x64) AppleWebKit/537.36 (KHTML, like Gecko) Chrome/124.0.0.0 Safari/537.36212.58.120.158
162.158.151.145 - - [01/May/2024:08:31:12 +0000]  502 GET /stable-9a28bc29dbddb6886dfe03dc1c31320249a901ce?reconnectionToken=dd6271e4-b1cc-402d-8c4d-631e102e8c11&reconnection=true&skipWebSocketFrames=false HTTP/1.1559-Mozilla/5.0 (Windows NT 10.0; Win64; x64) AppleWebKit/537.36 (KHTML, like Gecko) Chrome/124.0.0.0 Safari/537.36212.58.120.158
162.158.151.142 - - [01/May/2024:08:31:41 +0000]  502 GET /stable-9a28bc29dbddb6886dfe03dc1c31320249a901ce?reconnectionToken=60e52c22-e040-4c34-969b-fd7ab8b74ff1&reconnection=true&skipWebSocketFrames=false HTTP/1.1559-Mozilla/5.0 (Windows NT 10.0; Win64; x64) AppleWebKit/537.36 (KHTML, like Gecko) Chrome/124.0.0.0 Safari/537.36212.58.120.158
162.158.151.149 - - [01/May/2024:08:31:43 +0000]  502 GET /stable-9a28bc29dbddb6886dfe03dc1c31320249a901ce?reconnectionToken=dd6271e4-b1cc-402d-8c4d-631e102e8c11&reconnection=true&skipWebSocketFrames=false HTTP/1.1559-Mozilla/5.0 (Windows NT 10.0; Win64; x64) AppleWebKit/537.36 (KHTML, like Gecko) Chrome/124.0.0.0 Safari/537.36212.58.120.158
162.158.151.136 - - [01/May/2024:08:32:12 +0000]  502 GET /stable-9a28bc29dbddb6886dfe03dc1c31320249a901ce?reconnectionToken=60e52c22-e040-4c34-969b-fd7ab8b74ff1&reconnection=true&skipWebSocketFrames=false HTTP/1.1559-Mozilla/5.0 (Windows NT 10.0; Win64; x64) AppleWebKit/537.36 (KHTML, like Gecko) Chrome/124.0.0.0 Safari/537.36212.58.120.158
162.158.151.135 - - [01/May/2024:08:32:14 +0000]  502 GET /stable-9a28bc29dbddb6886dfe03dc1c31320249a901ce?reconnectionToken=dd6271e4-b1cc-402d-8c4d-631e102e8c11&reconnection=true&skipWebSocketFrames=false HTTP/1.1559-Mozilla/5.0 (Windows NT 10.0; Win64; x64) AppleWebKit/537.36 (KHTML, like Gecko) Chrome/124.0.0.0 Safari/537.36212.58.120.158
162.158.151.152 - - [01/May/2024:08:32:34 +0000]  502 GET /workspaces HTTP/2.0559-Mozilla/5.0 (Windows NT 10.0; Win64; x64) AppleWebKit/537.36 (KHTML, like Gecko) Chrome/124.0.0.0 Safari/537.36212.58.120.158
162.158.151.147 - - [01/May/2024:08:32:34 +0000]  502 GET /favicon.ico HTTP/2.0559https://code.ay0ks.wtf/workspacesMozilla/5.0 (Windows NT 10.0; Win64; x64) AppleWebKit/537.36 (KHTML, like Gecko) Chrome/124.0.0.0 Safari/537.36212.58.120.158
162.158.151.140 - - [01/May/2024:08:32:43 +0000]  502 GET /stable-9a28bc29dbddb6886dfe03dc1c31320249a901ce?reconnectionToken=60e52c22-e040-4c34-969b-fd7ab8b74ff1&reconnection=true&skipWebSocketFrames=false HTTP/1.1559-Mozilla/5.0 (Windows NT 10.0; Win64; x64) AppleWebKit/537.36 (KHTML, like Gecko) Chrome/124.0.0.0 Safari/537.36212.58.120.158
162.158.151.149 - - [01/May/2024:08:32:45 +0000]  502 GET /stable-9a28bc29dbddb6886dfe03dc1c31320249a901ce?reconnectionToken=dd6271e4-b1cc-402d-8c4d-631e102e8c11&reconnection=true&skipWebSocketFrames=false HTTP/1.1559-Mozilla/5.0 (Windows NT 10.0; Win64; x64) AppleWebKit/537.36 (KHTML, like Gecko) Chrome/124.0.0.0 Safari/537.36212.58.120.158
162.158.151.152 - - [01/May/2024:08:32:49 +0000]  502 GET /workspaces HTTP/2.0559-Mozilla/5.0 (Windows NT 10.0; Win64; x64) AppleWebKit/537.36 (KHTML, like Gecko) Chrome/124.0.0.0 Safari/537.36212.58.120.158
162.158.151.147 - - [01/May/2024:08:32:49 +0000]  502 GET /favicon.ico HTTP/2.0559https://code.ay0ks.wtf/workspacesMozilla/5.0 (Windows NT 10.0; Win64; x64) AppleWebKit/537.36 (KHTML, like Gecko) Chrome/124.0.0.0 Safari/537.36212.58.120.158
162.158.151.152 - - [01/May/2024:08:32:49 +0000]  502 GET /workspaces HTTP/2.0559-Mozilla/5.0 (Windows NT 10.0; Win64; x64) AppleWebKit/537.36 (KHTML, like Gecko) Chrome/124.0.0.0 Safari/537.36212.58.120.158
162.158.151.147 - - [01/May/2024:08:32:50 +0000]  502 GET /favicon.ico HTTP/2.0559https://code.ay0ks.wtf/workspacesMozilla/5.0 (Windows NT 10.0; Win64; x64) AppleWebKit/537.36 (KHTML, like Gecko) Chrome/124.0.0.0 Safari/537.36212.58.120.158
162.158.151.152 - - [01/May/2024:08:32:50 +0000]  502 GET /workspaces HTTP/2.0559-Mozilla/5.0 (Windows NT 10.0; Win64; x64) AppleWebKit/537.36 (KHTML, like Gecko) Chrome/124.0.0.0 Safari/537.36212.58.120.158
162.158.151.147 - - [01/May/2024:08:32:50 +0000]  502 GET /favicon.ico HTTP/2.0559https://code.ay0ks.wtf/workspacesMozilla/5.0 (Windows NT 10.0; Win64; x64) AppleWebKit/537.36 (KHTML, like Gecko) Chrome/124.0.0.0 Safari/537.36212.58.120.158
162.158.151.152 - - [01/May/2024:08:32:50 +0000]  502 GET /workspaces HTTP/2.0559-Mozilla/5.0 (Windows NT 10.0; Win64; x64) AppleWebKit/537.36 (KHTML, like Gecko) Chrome/124.0.0.0 Safari/537.36212.58.120.158
162.158.151.147 - - [01/May/2024:08:32:51 +0000]  502 GET /favicon.ico HTTP/2.0559https://code.ay0ks.wtf/workspacesMozilla/5.0 (Windows NT 10.0; Win64; x64) AppleWebKit/537.36 (KHTML, like Gecko) Chrome/124.0.0.0 Safari/537.36212.58.120.158
162.158.151.152 - - [01/May/2024:08:32:51 +0000]  502 GET /workspaces HTTP/2.0559-Mozilla/5.0 (Windows NT 10.0; Win64; x64) AppleWebKit/537.36 (KHTML, like Gecko) Chrome/124.0.0.0 Safari/537.36212.58.120.158
162.158.151.152 - - [01/May/2024:08:32:51 +0000]  502 GET /workspaces HTTP/2.0559-Mozilla/5.0 (Windows NT 10.0; Win64; x64) AppleWebKit/537.36 (KHTML, like Gecko) Chrome/124.0.0.0 Safari/537.36212.58.120.158
162.158.151.147 - - [01/May/2024:08:32:51 +0000]  502 GET /favicon.ico HTTP/2.0559https://code.ay0ks.wtf/workspacesMozilla/5.0 (Windows NT 10.0; Win64; x64) AppleWebKit/537.36 (KHTML, like Gecko) Chrome/124.0.0.0 Safari/537.36212.58.120.158
162.158.151.152 - - [01/May/2024:08:32:53 +0000]  502 GET / HTTP/2.0559-Mozilla/5.0 (Windows NT 10.0; Win64; x64) AppleWebKit/537.36 (KHTML, like Gecko) Chrome/124.0.0.0 Safari/537.36212.58.120.158
162.158.151.147 - - [01/May/2024:08:32:53 +0000]  502 GET /favicon.ico HTTP/2.0559https://code.ay0ks.wtf/Mozilla/5.0 (Windows NT 10.0; Win64; x64) AppleWebKit/537.36 (KHTML, like Gecko) Chrome/124.0.0.0 Safari/537.36212.58.120.158
162.158.151.139 - - [01/May/2024:08:33:14 +0000]  502 GET /stable-9a28bc29dbddb6886dfe03dc1c31320249a901ce?reconnectionToken=60e52c22-e040-4c34-969b-fd7ab8b74ff1&reconnection=true&skipWebSocketFrames=false HTTP/1.1559-Mozilla/5.0 (Windows NT 10.0; Win64; x64) AppleWebKit/537.36 (KHTML, like Gecko) Chrome/124.0.0.0 Safari/537.36212.58.120.158
162.158.151.152 - - [01/May/2024:08:33:16 +0000]  502 GET /stable-9a28bc29dbddb6886dfe03dc1c31320249a901ce?reconnectionToken=dd6271e4-b1cc-402d-8c4d-631e102e8c11&reconnection=true&skipWebSocketFrames=false HTTP/1.1559-Mozilla/5.0 (Windows NT 10.0; Win64; x64) AppleWebKit/537.36 (KHTML, like Gecko) Chrome/124.0.0.0 Safari/537.36212.58.120.158
162.158.151.155 - - [01/May/2024:08:33:45 +0000]  502 GET /stable-9a28bc29dbddb6886dfe03dc1c31320249a901ce?reconnectionToken=60e52c22-e040-4c34-969b-fd7ab8b74ff1&reconnection=true&skipWebSocketFrames=false HTTP/1.1559-Mozilla/5.0 (Windows NT 10.0; Win64; x64) AppleWebKit/537.36 (KHTML, like Gecko) Chrome/124.0.0.0 Safari/537.36212.58.120.158
162.158.151.135 - - [01/May/2024:08:33:47 +0000]  502 GET /stable-9a28bc29dbddb6886dfe03dc1c31320249a901ce?reconnectionToken=dd6271e4-b1cc-402d-8c4d-631e102e8c11&reconnection=true&skipWebSocketFrames=false HTTP/1.1559-Mozilla/5.0 (Windows NT 10.0; Win64; x64) AppleWebKit/537.36 (KHTML, like Gecko) Chrome/124.0.0.0 Safari/537.36212.58.120.158
162.158.151.133 - - [01/May/2024:08:34:16 +0000]  502 GET /stable-9a28bc29dbddb6886dfe03dc1c31320249a901ce?reconnectionToken=60e52c22-e040-4c34-969b-fd7ab8b74ff1&reconnection=true&skipWebSocketFrames=false HTTP/1.1559-Mozilla/5.0 (Windows NT 10.0; Win64; x64) AppleWebKit/537.36 (KHTML, like Gecko) Chrome/124.0.0.0 Safari/537.36212.58.120.158
162.158.151.143 - - [01/May/2024:08:34:18 +0000]  502 GET /stable-9a28bc29dbddb6886dfe03dc1c31320249a901ce?reconnectionToken=dd6271e4-b1cc-402d-8c4d-631e102e8c11&reconnection=true&skipWebSocketFrames=false HTTP/1.1559-Mozilla/5.0 (Windows NT 10.0; Win64; x64) AppleWebKit/537.36 (KHTML, like Gecko) Chrome/124.0.0.0 Safari/537.36212.58.120.158
162.158.151.149 - - [01/May/2024:08:34:41 +0000]  502 GET / HTTP/2.0559-Mozilla/5.0 (Windows NT 10.0; Win64; x64) AppleWebKit/537.36 (KHTML, like Gecko) Chrome/124.0.0.0 Safari/537.36212.58.120.158
162.158.151.146 - - [01/May/2024:08:34:41 +0000]  502 GET /favicon.ico HTTP/2.0559https://code.ay0ks.wtf/Mozilla/5.0 (Windows NT 10.0; Win64; x64) AppleWebKit/537.36 (KHTML, like Gecko) Chrome/124.0.0.0 Safari/537.36212.58.120.158
162.158.151.149 - - [01/May/2024:08:34:45 +0000]  200 GET / HTTP/2.0800-Mozilla/5.0 (Windows NT 10.0; Win64; x64) AppleWebKit/537.36 (KHTML, like Gecko) Chrome/124.0.0.0 Safari/537.36212.58.120.158
162.158.151.149 - - [01/May/2024:08:34:46 +0000]  404 GET /api/v2/users/first HTTP/2.073-Mozilla/5.0 (Windows NT 10.0; Win64; x64) AppleWebKit/537.36 (KHTML, like Gecko) Chrome/124.0.0.0 Safari/537.36212.58.120.158
162.158.151.148 - - [01/May/2024:08:34:47 +0000]  200 GET /api/v2/users/authmethods HTTP/2.098-Mozilla/5.0 (Windows NT 10.0; Win64; x64) AppleWebKit/537.36 (KHTML, like Gecko) Chrome/124.0.0.0 Safari/537.36212.58.120.158
162.158.151.148 - - [01/May/2024:08:34:47 +0000]  401 GET /api/v2/users/me HTTP/2.0127-Mozilla/5.0 (Windows NT 10.0; Win64; x64) AppleWebKit/537.36 (KHTML, like Gecko) Chrome/124.0.0.0 Safari/537.36212.58.120.158
162.158.151.140 - - [01/May/2024:08:34:47 +0000]  200 GET /stable-9a28bc29dbddb6886dfe03dc1c31320249a901ce?reconnectionToken=60e52c22-e040-4c34-969b-fd7ab8b74ff1&reconnection=true&skipWebSocketFrames=false HTTP/1.1799-Mozilla/5.0 (Windows NT 10.0; Win64; x64) AppleWebKit/537.36 (KHTML, like Gecko) Chrome/124.0.0.0 Safari/537.36212.58.120.158
162.158.151.147 - - [01/May/2024:08:34:49 +0000]  200 GET /stable-9a28bc29dbddb6886dfe03dc1c31320249a901ce?reconnectionToken=dd6271e4-b1cc-402d-8c4d-631e102e8c11&reconnection=true&skipWebSocketFrames=false HTTP/1.1804-Mozilla/5.0 (Windows NT 10.0; Win64; x64) AppleWebKit/537.36 (KHTML, like Gecko) Chrome/124.0.0.0 Safari/537.36212.58.120.158
162.158.151.145 - - [01/May/2024:08:35:18 +0000]  200 GET /stable-9a28bc29dbddb6886dfe03dc1c31320249a901ce?reconnectionToken=60e52c22-e040-4c34-969b-fd7ab8b74ff1&reconnection=true&skipWebSocketFrames=false HTTP/1.1798-Mozilla/5.0 (Windows NT 10.0; Win64; x64) AppleWebKit/537.36 (KHTML, like Gecko) Chrome/124.0.0.0 Safari/537.36212.58.120.158
162.158.151.153 - - [01/May/2024:08:35:18 +0000]  201 POST /api/v2/users/first HTTP/2.0108-Mozilla/5.0 (Windows NT 10.0; Win64; x64) AppleWebKit/537.36 (KHTML, like Gecko) Chrome/124.0.0.0 Safari/537.36212.58.120.158
162.158.151.153 - - [01/May/2024:08:35:19 +0000]  201 POST /api/v2/users/login HTTP/2.054-Mozilla/5.0 (Windows NT 10.0; Win64; x64) AppleWebKit/537.36 (KHTML, like Gecko) Chrome/124.0.0.0 Safari/537.36212.58.120.158
162.158.151.153 - - [01/May/2024:08:35:19 +0000]  200 POST /api/v2/authcheck HTTP/2.0163-Mozilla/5.0 (Windows NT 10.0; Win64; x64) AppleWebKit/537.36 (KHTML, like Gecko) Chrome/124.0.0.0 Safari/537.36212.58.120.158
162.158.151.152 - - [01/May/2024:08:35:19 +0000]  200 GET /api/v2/users/me HTTP/2.0285-Mozilla/5.0 (Windows NT 10.0; Win64; x64) AppleWebKit/537.36 (KHTML, like Gecko) Chrome/124.0.0.0 Safari/537.36212.58.120.158
162.158.151.153 - - [01/May/2024:08:35:20 +0000]  200 POST /api/v2/authcheck HTTP/2.0163-Mozilla/5.0 (Windows NT 10.0; Win64; x64) AppleWebKit/537.36 (KHTML, like Gecko) Chrome/124.0.0.0 Safari/537.36212.58.120.158
162.158.151.152 - - [01/May/2024:08:35:20 +0000]  200 GET /api/v2/buildinfo HTTP/2.0191-Mozilla/5.0 (Windows NT 10.0; Win64; x64) AppleWebKit/537.36 (KHTML, like Gecko) Chrome/124.0.0.0 Safari/537.36212.58.120.158
162.158.151.152 - - [01/May/2024:08:35:20 +0000]  200 GET /api/v2/entitlements HTTP/2.0360-Mozilla/5.0 (Windows NT 10.0; Win64; x64) AppleWebKit/537.36 (KHTML, like Gecko) Chrome/124.0.0.0 Safari/537.36212.58.120.158
162.158.151.153 - - [01/May/2024:08:35:20 +0000]  200 GET /api/v2/experiments HTTP/2.03-Mozilla/5.0 (Windows NT 10.0; Win64; x64) AppleWebKit/537.36 (KHTML, like Gecko) Chrome/124.0.0.0 Safari/537.36212.58.120.158
162.158.151.152 - - [01/May/2024:08:35:20 +0000]  200 GET /api/v2/appearance HTTP/2.0301-Mozilla/5.0 (Windows NT 10.0; Win64; x64) AppleWebKit/537.36 (KHTML, like Gecko) Chrome/124.0.0.0 Safari/537.36212.58.120.158
162.158.151.140 - - [01/May/2024:08:35:20 +0000]  200 GET /stable-9a28bc29dbddb6886dfe03dc1c31320249a901ce?reconnectionToken=dd6271e4-b1cc-402d-8c4d-631e102e8c11&reconnection=true&skipWebSocketFrames=false HTTP/1.11677-Mozilla/5.0 (Windows NT 10.0; Win64; x64) AppleWebKit/537.36 (KHTML, like Gecko) Chrome/124.0.0.0 Safari/537.36212.58.120.158
162.158.151.152 - - [01/May/2024:08:35:20 +0000]  200 GET /api/v2/updatecheck HTTP/2.0101-Mozilla/5.0 (Windows NT 10.0; Win64; x64) AppleWebKit/537.36 (KHTML, like Gecko) Chrome/124.0.0.0 Safari/537.36212.58.120.158
162.158.151.153 - - [01/May/2024:08:35:20 +0000]  403 GET /api/v2/workspaceproxies HTTP/2.096-Mozilla/5.0 (Windows NT 10.0; Win64; x64) AppleWebKit/537.36 (KHTML, like Gecko) Chrome/124.0.0.0 Safari/537.36212.58.120.158
162.158.151.152 - - [01/May/2024:08:35:20 +0000]  200 GET /api/v2/deployment/stats HTTP/2.0237-Mozilla/5.0 (Windows NT 10.0; Win64; x64) AppleWebKit/537.36 (KHTML, like Gecko) Chrome/124.0.0.0 Safari/537.36212.58.120.158
162.158.151.153 - - [01/May/2024:08:35:20 +0000]  200 GET /api/v2/debug/health?force=false HTTP/2.02516-Mozilla/5.0 (Windows NT 10.0; Win64; x64) AppleWebKit/537.36 (KHTML, like Gecko) Chrome/124.0.0.0 Safari/537.36212.58.120.158
162.158.151.152 - - [01/May/2024:08:35:20 +0000]  200 GET /api/v2/users?limit=25 HTTP/2.0297-Mozilla/5.0 (Windows NT 10.0; Win64; x64) AppleWebKit/537.36 (KHTML, like Gecko) Chrome/124.0.0.0 Safari/537.36212.58.120.158
162.158.151.152 - - [01/May/2024:08:35:20 +0000]  200 GET /api/v2/organizations/b5340d4e-254f-4fe9-8d82-4e80ec4a131d/templates HTTP/2.03-Mozilla/5.0 (Windows NT 10.0; Win64; x64) AppleWebKit/537.36 (KHTML, like Gecko) Chrome/124.0.0.0 Safari/537.36212.58.120.158
162.158.151.153 - - [01/May/2024:08:35:20 +0000]  200 GET /api/v2/organizations/b5340d4e-254f-4fe9-8d82-4e80ec4a131d/templates?deprecated=false HTTP/2.03-Mozilla/5.0 (Windows NT 10.0; Win64; x64) AppleWebKit/537.36 (KHTML, like Gecko) Chrome/124.0.0.0 Safari/537.36212.58.120.158
162.158.151.152 - - [01/May/2024:08:35:20 +0000]  200 GET /api/v2/workspaces?q=owner%3Ame&limit=25&offset=0 HTTP/2.048-Mozilla/5.0 (Windows NT 10.0; Win64; x64) AppleWebKit/537.36 (KHTML, like Gecko) Chrome/124.0.0.0 Safari/537.36212.58.120.158
162.158.151.153 - - [01/May/2024:08:35:26 +0000]  200 GET /api/v2/workspaces?q=owner%3Ame&limit=25&offset=0 HTTP/2.048-Mozilla/5.0 (Windows NT 10.0; Win64; x64) AppleWebKit/537.36 (KHTML, like Gecko) Chrome/124.0.0.0 Safari/537.36212.58.120.158
162.158.151.152 - - [01/May/2024:08:35:27 +0000]  200 GET /workspaces HTTP/2.01681-Mozilla/5.0 (Windows NT 10.0; Win64; x64) AppleWebKit/537.36 (KHTML, like Gecko) Chrome/124.0.0.0 Safari/537.36212.58.120.158
162.158.151.153 - - [01/May/2024:08:35:31 +0000]  200 GET /api/v2/workspaces?q=owner%3Ame&limit=25&offset=0 HTTP/2.048-Mozilla/5.0 (Windows NT 10.0; Win64; x64) AppleWebKit/537.36 (KHTML, like Gecko) Chrome/124.0.0.0 Safari/537.36212.58.120.158
162.158.151.152 - - [01/May/2024:08:35:33 +0000]  200 GET /api/v2/users/first HTTP/2.075-Mozilla/5.0 (Windows NT 10.0; Win64; x64) AppleWebKit/537.36 (KHTML, like Gecko) Chrome/124.0.0.0 Safari/537.36212.58.120.158
162.158.151.152 - - [01/May/2024:08:35:33 +0000]  200 GET /_static/out/browser/serviceWorker.js.map HTTP/2.01677-Mozilla/5.0 (Windows NT 10.0; Win64; x64) AppleWebKit/537.36 (KHTML, like Gecko) Chrome/124.0.0.0 Safari/537.36212.58.120.158
162.158.151.146 - - [01/May/2024:08:35:33 +0000]  200 GET /favicon.ico HTTP/2.0475https://code.ay0ks.wtf/api/v2/users/firstMozilla/5.0 (Windows NT 10.0; Win64; x64) AppleWebKit/537.36 (KHTML, like Gecko) Chrome/124.0.0.0 Safari/537.36212.58.120.158
162.158.151.153 - - [01/May/2024:08:35:36 +0000]  200 GET /api/v2/workspaces?q=owner%3Ame&limit=25&offset=0 HTTP/2.048-Mozilla/5.0 (Windows NT 10.0; Win64; x64) AppleWebKit/537.36 (KHTML, like Gecko) Chrome/124.0.0.0 Safari/537.36212.58.120.158
162.158.151.152 - - [01/May/2024:08:35:39 +0000]  200 GET /workspaces HTTP/2.01677-Mozilla/5.0 (Windows NT 10.0; Win64; x64) AppleWebKit/537.36 (KHTML, like Gecko) Chrome/124.0.0.0 Safari/537.36212.58.120.158
162.158.151.153 - - [01/May/2024:08:35:41 +0000]  200 GET /api/v2/users/me HTTP/2.0285-Mozilla/5.0 (Windows NT 10.0; Win64; x64) AppleWebKit/537.36 (KHTML, like Gecko) Chrome/124.0.0.0 Safari/537.36212.58.120.158
162.158.151.152 - - [01/May/2024:08:35:41 +0000]  200 POST /api/v2/authcheck HTTP/2.0163-Mozilla/5.0 (Windows NT 10.0; Win64; x64) AppleWebKit/537.36 (KHTML, like Gecko) Chrome/124.0.0.0 Safari/537.36212.58.120.158
162.158.151.152 - - [01/May/2024:08:35:41 +0000]  200 GET /api/v2/users/authmethods HTTP/2.098-Mozilla/5.0 (Windows NT 10.0; Win64; x64) AppleWebKit/537.36 (KHTML, like Gecko) Chrome/124.0.0.0 Safari/537.36212.58.120.158
162.158.151.153 - - [01/May/2024:08:35:41 +0000]  200 GET /api/v2/users/first HTTP/2.075-Mozilla/5.0 (Windows NT 10.0; Win64; x64) AppleWebKit/537.36 (KHTML, like Gecko) Chrome/124.0.0.0 Safari/537.36212.58.120.158
162.158.151.152 - - [01/May/2024:08:35:42 +0000]  200 POST /api/v2/csp/reports HTTP/2.05-Mozilla/5.0 (Windows NT 10.0; Win64; x64) AppleWebKit/537.36 (KHTML, like Gecko) Chrome/124.0.0.0 Safari/537.36212.58.120.158
162.158.151.149 - - [01/May/2024:08:35:42 +0000]  200 GET /emojis/1f3e1.png HTTP/2.0772-Mozilla/5.0 (Windows NT 10.0; Win64; x64) AppleWebKit/537.36 (KHTML, like Gecko) Chrome/124.0.0.0 Safari/537.36212.58.120.158
162.158.151.152 - - [01/May/2024:08:35:42 +0000]  200 GET /api/v2/debug/health?force=false HTTP/2.02516-Mozilla/5.0 (Windows NT 10.0; Win64; x64) AppleWebKit/537.36 (KHTML, like Gecko) Chrome/124.0.0.0 Safari/537.36212.58.120.158
162.158.151.153 - - [01/May/2024:08:35:42 +0000]  200 GET /api/v2/users?limit=25 HTTP/2.0297-Mozilla/5.0 (Windows NT 10.0; Win64; x64) AppleWebKit/537.36 (KHTML, like Gecko) Chrome/124.0.0.0 Safari/537.36212.58.120.158
162.158.151.152 - - [01/May/2024:08:35:42 +0000]  200 GET /api/v2/organizations/b5340d4e-254f-4fe9-8d82-4e80ec4a131d/templates?deprecated=false HTTP/2.03-Mozilla/5.0 (Windows NT 10.0; Win64; x64) AppleWebKit/537.36 (KHTML, like Gecko) Chrome/124.0.0.0 Safari/537.36212.58.120.158
162.158.151.153 - - [01/May/2024:08:35:42 +0000]  200 GET /api/v2/workspaces?q=owner%3Ame&limit=25&offset=0 HTTP/2.048-Mozilla/5.0 (Windows NT 10.0; Win64; x64) AppleWebKit/537.36 (KHTML, like Gecko) Chrome/124.0.0.0 Safari/537.36212.58.120.158
162.158.151.152 - - [01/May/2024:08:35:42 +0000]  200 GET /api/v2/organizations/b5340d4e-254f-4fe9-8d82-4e80ec4a131d/templates HTTP/2.03-Mozilla/5.0 (Windows NT 10.0; Win64; x64) AppleWebKit/537.36 (KHTML, like Gecko) Chrome/124.0.0.0 Safari/537.36212.58.120.158
