162.158.151.152 - - [01/May/2024:07:38:01 +0000]  200 GET /?folder=/home/ay0ks/personal HTTP/2.02108https://code.ay0ks.wtf/loginMozilla/5.0 (Windows NT 10.0; Win64; x64) AppleWebKit/537.36 (KHTML, like Gecko) Chrome/124.0.0.0 Safari/537.36212.58.120.158
162.158.151.133 - - [01/May/2024:07:38:02 +0000]  200 GET /stable-9a28bc29dbddb6886dfe03dc1c31320249a901ce/static/out/vs/webPackagePaths.js.map HTTP/2.0710-Mozilla/5.0 (Windows NT 10.0; Win64; x64) AppleWebKit/537.36 (KHTML, like Gecko) Chrome/124.0.0.0 Safari/537.36212.58.120.158
162.158.151.132 - - [01/May/2024:07:38:03 +0000]  200 GET /stable-9a28bc29dbddb6886dfe03dc1c31320249a901ce/static/out/vs/workbench/workbench.web.main.nls.js.map HTTP/2.0172027-Mozilla/5.0 (Windows NT 10.0; Win64; x64) AppleWebKit/537.36 (KHTML, like Gecko) Chrome/124.0.0.0 Safari/537.36212.58.120.158
162.158.151.133 - - [01/May/2024:07:38:07 +0000]  200 POST /mint-key HTTP/2.032https://code.ay0ks.wtf/?folder=/home/ay0ks/personalMozilla/5.0 (Windows NT 10.0; Win64; x64) AppleWebKit/537.36 (KHTML, like Gecko) Chrome/124.0.0.0 Safari/537.36212.58.120.158
162.158.151.132 - - [01/May/2024:07:38:07 +0000]  200 GET /manifest.json HTTP/2.0241https://code.ay0ks.wtf/?folder=/home/ay0ks/personalMozilla/5.0 (Windows NT 10.0; Win64; x64) AppleWebKit/537.36 (KHTML, like Gecko) Chrome/124.0.0.0 Safari/537.36212.58.120.158
162.158.151.133 - - [01/May/2024:07:38:08 +0000]  404 GET /stable-9a28bc29dbddb6886dfe03dc1c31320249a901ce/static/out/vsda_bg.wasm HTTP/2.029https://code.ay0ks.wtf/?folder=/home/ay0ks/personalMozilla/5.0 (Windows NT 10.0; Win64; x64) AppleWebKit/537.36 (KHTML, like Gecko) Chrome/124.0.0.0 Safari/537.36212.58.120.158
162.158.151.140 - - [01/May/2024:07:38:08 +0000]  304 GET /_static/out/browser/serviceWorker.js HTTP/2.00https://code.ay0ks.wtf/_static/out/browser/serviceWorker.jsMozilla/5.0 (Windows NT 10.0; Win64; x64) AppleWebKit/537.36 (KHTML, like Gecko) Chrome/124.0.0.0 Safari/537.36212.58.120.158
162.158.151.132 - - [01/May/2024:07:38:11 +0000]  200 GET /stable-9a28bc29dbddb6886dfe03dc1c31320249a901ce/static/out/vs/workbench/services/extensions/worker/webWorkerExtensionHostIframe.html?&vscodeWebWorkerExtHostId=2ddbf680-c57a-448b-a031-2d8643534d46 HTTP/2.01657https://code.ay0ks.wtf/?folder=/home/ay0ks/personalMozilla/5.0 (Windows NT 10.0; Win64; x64) AppleWebKit/537.36 (KHTML, like Gecko) Chrome/124.0.0.0 Safari/537.36212.58.120.158
162.158.151.133 - - [01/May/2024:07:38:11 +0000]  200 GET /update/check HTTP/2.082https://code.ay0ks.wtf/?folder=/home/ay0ks/personalMozilla/5.0 (Windows NT 10.0; Win64; x64) AppleWebKit/537.36 (KHTML, like Gecko) Chrome/124.0.0.0 Safari/537.36212.58.120.158
162.158.151.140 - - [01/May/2024:07:38:15 +0000]  304 GET /_static/out/browser/serviceWorker.js HTTP/2.00https://code.ay0ks.wtf/_static/out/browser/serviceWorker.jsMozilla/5.0 (Windows NT 10.0; Win64; x64) AppleWebKit/537.36 (KHTML, like Gecko) Chrome/124.0.0.0 Safari/537.36212.58.120.158
162.158.151.132 - - [01/May/2024:07:38:19 +0000]  404 GET /vs/editor/common/services/editorSimpleWorker.nls.js.map HTTP/2.030-Mozilla/5.0 (Windows NT 10.0; Win64; x64) AppleWebKit/537.36 (KHTML, like Gecko) Chrome/124.0.0.0 Safari/537.36212.58.120.158
162.158.151.133 - - [01/May/2024:07:38:19 +0000]  404 GET /vs/editor/common/services/editorSimpleWorker.nls.js.map HTTP/2.030-Mozilla/5.0 (Windows NT 10.0; Win64; x64) AppleWebKit/537.36 (KHTML, like Gecko) Chrome/124.0.0.0 Safari/537.36212.58.120.158
162.158.151.132 - - [01/May/2024:07:38:20 +0000]  404 GET /vs/workbench/api/worker/extensionHostWorker.js.map HTTP/2.030-Mozilla/5.0 (Windows NT 10.0; Win64; x64) AppleWebKit/537.36 (KHTML, like Gecko) Chrome/124.0.0.0 Safari/537.36212.58.120.158
162.158.151.133 - - [01/May/2024:07:38:21 +0000]  404 GET /vs/workbench/api/worker/extensionHostWorker.nls.js.map HTTP/2.030-Mozilla/5.0 (Windows NT 10.0; Win64; x64) AppleWebKit/537.36 (KHTML, like Gecko) Chrome/124.0.0.0 Safari/537.36212.58.120.158
162.158.151.145 - - [01/May/2024:07:38:24 +0000]  101 GET /stable-9a28bc29dbddb6886dfe03dc1c31320249a901ce?reconnectionToken=5fa36538-43b5-4819-9e48-7433a0755a10&reconnection=false&skipWebSocketFrames=false HTTP/1.1801311-Mozilla/5.0 (Windows NT 10.0; Win64; x64) AppleWebKit/537.36 (KHTML, like Gecko) Chrome/124.0.0.0 Safari/537.36212.58.120.158
162.158.151.144 - - [01/May/2024:07:38:24 +0000]  101 GET /stable-9a28bc29dbddb6886dfe03dc1c31320249a901ce?reconnectionToken=924c0842-8fa3-4559-a577-bca0fb890e36&reconnection=false&skipWebSocketFrames=false HTTP/1.122427-Mozilla/5.0 (Windows NT 10.0; Win64; x64) AppleWebKit/537.36 (KHTML, like Gecko) Chrome/124.0.0.0 Safari/537.36212.58.120.158
162.158.151.132 - - [01/May/2024:07:38:24 +0000]  200 GET /?folder=/home/ay0ks/personal HTTP/2.02108https://code.ay0ks.wtf/loginMozilla/5.0 (Windows NT 10.0; Win64; x64) AppleWebKit/537.36 (KHTML, like Gecko) Chrome/124.0.0.0 Safari/537.36212.58.120.158
162.158.151.133 - - [01/May/2024:07:38:29 +0000]  200 POST /mint-key HTTP/2.032https://code.ay0ks.wtf/?folder=/home/ay0ks/personalMozilla/5.0 (Windows NT 10.0; Win64; x64) AppleWebKit/537.36 (KHTML, like Gecko) Chrome/124.0.0.0 Safari/537.36212.58.120.158
162.158.151.132 - - [01/May/2024:07:38:29 +0000]  200 GET /manifest.json HTTP/2.0241https://code.ay0ks.wtf/?folder=/home/ay0ks/personalMozilla/5.0 (Windows NT 10.0; Win64; x64) AppleWebKit/537.36 (KHTML, like Gecko) Chrome/124.0.0.0 Safari/537.36212.58.120.158
162.158.151.133 - - [01/May/2024:07:38:30 +0000]  404 GET /stable-9a28bc29dbddb6886dfe03dc1c31320249a901ce/static/out/vsda_bg.wasm HTTP/2.029https://code.ay0ks.wtf/?folder=/home/ay0ks/personalMozilla/5.0 (Windows NT 10.0; Win64; x64) AppleWebKit/537.36 (KHTML, like Gecko) Chrome/124.0.0.0 Safari/537.36212.58.120.158
162.158.151.140 - - [01/May/2024:07:38:32 +0000]  304 GET /_static/out/browser/serviceWorker.js HTTP/2.00https://code.ay0ks.wtf/_static/out/browser/serviceWorker.jsMozilla/5.0 (Windows NT 10.0; Win64; x64) AppleWebKit/537.36 (KHTML, like Gecko) Chrome/124.0.0.0 Safari/537.36212.58.120.158
162.158.151.132 - - [01/May/2024:07:38:32 +0000]  200 GET /stable-9a28bc29dbddb6886dfe03dc1c31320249a901ce/static/out/vs/workbench/services/extensions/worker/webWorkerExtensionHostIframe.html?&vscodeWebWorkerExtHostId=94653f03-1038-4c61-aa2d-79889008396f HTTP/2.01657https://code.ay0ks.wtf/?folder=/home/ay0ks/personalMozilla/5.0 (Windows NT 10.0; Win64; x64) AppleWebKit/537.36 (KHTML, like Gecko) Chrome/124.0.0.0 Safari/537.36212.58.120.158
162.158.151.133 - - [01/May/2024:07:38:33 +0000]  304 GET /update/check HTTP/2.00https://code.ay0ks.wtf/?folder=/home/ay0ks/personalMozilla/5.0 (Windows NT 10.0; Win64; x64) AppleWebKit/537.36 (KHTML, like Gecko) Chrome/124.0.0.0 Safari/537.36212.58.120.158
162.158.151.132 - - [01/May/2024:07:38:44 +0000]  404 GET /vs/editor/common/services/editorSimpleWorker.nls.js.map HTTP/2.030-Mozilla/5.0 (Windows NT 10.0; Win64; x64) AppleWebKit/537.36 (KHTML, like Gecko) Chrome/124.0.0.0 Safari/537.36212.58.120.158
162.158.151.133 - - [01/May/2024:07:38:44 +0000]  404 GET /vs/editor/common/services/editorSimpleWorker.nls.js.map HTTP/2.030-Mozilla/5.0 (Windows NT 10.0; Win64; x64) AppleWebKit/537.36 (KHTML, like Gecko) Chrome/124.0.0.0 Safari/537.36212.58.120.158
162.158.151.132 - - [01/May/2024:07:38:45 +0000]  404 GET /vs/workbench/api/worker/extensionHostWorker.js.map HTTP/2.030-Mozilla/5.0 (Windows NT 10.0; Win64; x64) AppleWebKit/537.36 (KHTML, like Gecko) Chrome/124.0.0.0 Safari/537.36212.58.120.158
162.158.151.133 - - [01/May/2024:07:38:45 +0000]  404 GET /vs/workbench/api/worker/extensionHostWorker.nls.js.map HTTP/2.030-Mozilla/5.0 (Windows NT 10.0; Win64; x64) AppleWebKit/537.36 (KHTML, like Gecko) Chrome/124.0.0.0 Safari/537.36212.58.120.158
162.158.151.140 - - [01/May/2024:07:38:47 +0000]  304 GET /_static/out/browser/serviceWorker.js HTTP/2.00https://code.ay0ks.wtf/_static/out/browser/serviceWorker.jsMozilla/5.0 (Windows NT 10.0; Win64; x64) AppleWebKit/537.36 (KHTML, like Gecko) Chrome/124.0.0.0 Safari/537.36212.58.120.158
162.158.151.152 - - [01/May/2024:08:07:39 +0000]  502 GET /stable-9a28bc29dbddb6886dfe03dc1c31320249a901ce?reconnectionToken=60e52c22-e040-4c34-969b-fd7ab8b74ff1&reconnection=true&skipWebSocketFrames=false HTTP/1.1559-Mozilla/5.0 (Windows NT 10.0; Win64; x64) AppleWebKit/537.36 (KHTML, like Gecko) Chrome/124.0.0.0 Safari/537.36212.58.120.158
162.158.151.152 - - [01/May/2024:08:07:39 +0000]  502 GET /stable-9a28bc29dbddb6886dfe03dc1c31320249a901ce?reconnectionToken=dd6271e4-b1cc-402d-8c4d-631e102e8c11&reconnection=true&skipWebSocketFrames=false HTTP/1.1559-Mozilla/5.0 (Windows NT 10.0; Win64; x64) AppleWebKit/537.36 (KHTML, like Gecko) Chrome/124.0.0.0 Safari/537.36212.58.120.158
162.158.151.143 - - [01/May/2024:08:07:43 +0000]  502 GET / HTTP/2.0559-Mozilla/5.0 (Windows NT 10.0; Win64; x64) AppleWebKit/537.36 (KHTML, like Gecko) Chrome/124.0.0.0 Safari/537.36212.58.120.158
162.158.151.146 - - [01/May/2024:08:07:44 +0000]  502 GET /favicon.ico HTTP/2.0559https://code.ay0ks.wtf/Mozilla/5.0 (Windows NT 10.0; Win64; x64) AppleWebKit/537.36 (KHTML, like Gecko) Chrome/124.0.0.0 Safari/537.36212.58.120.158
162.158.151.147 - - [01/May/2024:08:07:45 +0000]  502 GET /stable-9a28bc29dbddb6886dfe03dc1c31320249a901ce?reconnectionToken=60e52c22-e040-4c34-969b-fd7ab8b74ff1&reconnection=true&skipWebSocketFrames=false HTTP/1.1559-Mozilla/5.0 (Windows NT 10.0; Win64; x64) AppleWebKit/537.36 (KHTML, like Gecko) Chrome/124.0.0.0 Safari/537.36212.58.120.158
162.158.151.133 - - [01/May/2024:08:07:45 +0000]  502 GET /stable-9a28bc29dbddb6886dfe03dc1c31320249a901ce?reconnectionToken=dd6271e4-b1cc-402d-8c4d-631e102e8c11&reconnection=true&skipWebSocketFrames=false HTTP/1.1559-Mozilla/5.0 (Windows NT 10.0; Win64; x64) AppleWebKit/537.36 (KHTML, like Gecko) Chrome/124.0.0.0 Safari/537.36212.58.120.158
162.158.151.141 - - [01/May/2024:08:07:46 +0000]  502 GET /_static/out/browser/serviceWorker.js HTTP/2.0559https://code.ay0ks.wtf/_static/out/browser/serviceWorker.jsMozilla/5.0 (Windows NT 10.0; Win64; x64) AppleWebKit/537.36 (KHTML, like Gecko) Chrome/124.0.0.0 Safari/537.36212.58.120.158
162.158.151.152 - - [01/May/2024:08:07:51 +0000]  502 GET /stable-9a28bc29dbddb6886dfe03dc1c31320249a901ce?reconnectionToken=60e52c22-e040-4c34-969b-fd7ab8b74ff1&reconnection=true&skipWebSocketFrames=false HTTP/1.1559-Mozilla/5.0 (Windows NT 10.0; Win64; x64) AppleWebKit/537.36 (KHTML, like Gecko) Chrome/124.0.0.0 Safari/537.36212.58.120.158
162.158.151.144 - - [01/May/2024:08:07:51 +0000]  502 GET /stable-9a28bc29dbddb6886dfe03dc1c31320249a901ce?reconnectionToken=dd6271e4-b1cc-402d-8c4d-631e102e8c11&reconnection=true&skipWebSocketFrames=false HTTP/1.1559-Mozilla/5.0 (Windows NT 10.0; Win64; x64) AppleWebKit/537.36 (KHTML, like Gecko) Chrome/124.0.0.0 Safari/537.36212.58.120.158
162.158.151.137 - - [01/May/2024:08:08:02 +0000]  502 GET /stable-9a28bc29dbddb6886dfe03dc1c31320249a901ce?reconnectionToken=60e52c22-e040-4c34-969b-fd7ab8b74ff1&reconnection=true&skipWebSocketFrames=false HTTP/1.1559-Mozilla/5.0 (Windows NT 10.0; Win64; x64) AppleWebKit/537.36 (KHTML, like Gecko) Chrome/124.0.0.0 Safari/537.36212.58.120.158
162.158.151.135 - - [01/May/2024:08:08:02 +0000]  502 GET /stable-9a28bc29dbddb6886dfe03dc1c31320249a901ce?reconnectionToken=dd6271e4-b1cc-402d-8c4d-631e102e8c11&reconnection=true&skipWebSocketFrames=false HTTP/1.1559-Mozilla/5.0 (Windows NT 10.0; Win64; x64) AppleWebKit/537.36 (KHTML, like Gecko) Chrome/124.0.0.0 Safari/537.36212.58.120.158
162.158.151.143 - - [01/May/2024:08:08:14 +0000]  200 GET / HTTP/2.0799-Mozilla/5.0 (Windows NT 10.0; Win64; x64) AppleWebKit/537.36 (KHTML, like Gecko) Chrome/124.0.0.0 Safari/537.36212.58.120.158
162.158.151.137 - - [01/May/2024:08:08:14 +0000]  200 GET /stable-9a28bc29dbddb6886dfe03dc1c31320249a901ce?reconnectionToken=60e52c22-e040-4c34-969b-fd7ab8b74ff1&reconnection=true&skipWebSocketFrames=false HTTP/1.1801-Mozilla/5.0 (Windows NT 10.0; Win64; x64) AppleWebKit/537.36 (KHTML, like Gecko) Chrome/124.0.0.0 Safari/537.36212.58.120.158
162.158.151.147 - - [01/May/2024:08:08:14 +0000]  200 GET /stable-9a28bc29dbddb6886dfe03dc1c31320249a901ce?reconnectionToken=dd6271e4-b1cc-402d-8c4d-631e102e8c11&reconnection=true&skipWebSocketFrames=false HTTP/1.1806-Mozilla/5.0 (Windows NT 10.0; Win64; x64) AppleWebKit/537.36 (KHTML, like Gecko) Chrome/124.0.0.0 Safari/537.36212.58.120.158
162.158.151.143 - - [01/May/2024:08:08:14 +0000]  200 GET /assets/index-729a3167.css HTTP/2.0771-Mozilla/5.0 (Windows NT 10.0; Win64; x64) AppleWebKit/537.36 (KHTML, like Gecko) Chrome/124.0.0.0 Safari/537.36212.58.120.158
162.158.151.148 - - [01/May/2024:08:08:15 +0000]  200 GET /assets/index-0adb4bd9.js HTTP/2.0609282-Mozilla/5.0 (Windows NT 10.0; Win64; x64) AppleWebKit/537.36 (KHTML, like Gecko) Chrome/124.0.0.0 Safari/537.36212.58.120.158
162.158.151.143 - - [01/May/2024:08:08:16 +0000]  401 GET /api/v2/users/me HTTP/2.0175-Mozilla/5.0 (Windows NT 10.0; Win64; x64) AppleWebKit/537.36 (KHTML, like Gecko) Chrome/124.0.0.0 Safari/537.36212.58.120.158
162.158.151.133 - - [01/May/2024:08:08:16 +0000]  200 GET /favicons/favicon-light.svg HTTP/1.11471-Mozilla/5.0 (Windows NT 10.0; Win64; x64) AppleWebKit/537.36 (KHTML, like Gecko) Chrome/124.0.0.0 Safari/537.36212.58.120.158
162.158.151.143 - - [01/May/2024:08:08:17 +0000]  404 GET /api/v2/users/first HTTP/2.073-Mozilla/5.0 (Windows NT 10.0; Win64; x64) AppleWebKit/537.36 (KHTML, like Gecko) Chrome/124.0.0.0 Safari/537.36212.58.120.158
162.158.151.142 - - [01/May/2024:08:08:17 +0000]  200 GET /api/v2/users/authmethods HTTP/2.098-Mozilla/5.0 (Windows NT 10.0; Win64; x64) AppleWebKit/537.36 (KHTML, like Gecko) Chrome/124.0.0.0 Safari/537.36212.58.120.158
162.158.151.138 - - [01/May/2024:08:08:17 +0000]  200 GET /favicons/favicon-light.png HTTP/2.02699-Mozilla/5.0 (Windows NT 10.0; Win64; x64) AppleWebKit/537.36 (KHTML, like Gecko) Chrome/124.0.0.0 Safari/537.36212.58.120.158
162.158.151.135 - - [01/May/2024:08:08:17 +0000]  200 GET /assets/inter-latin-wght-normal-88df0b5a.woff2 HTTP/1.146704-Mozilla/5.0 (Windows NT 10.0; Win64; x64) AppleWebKit/537.36 (KHTML, like Gecko) Chrome/124.0.0.0 Safari/537.36212.58.120.158
162.158.151.141 - - [01/May/2024:08:08:19 +0000]  200 GET /_static/out/browser/serviceWorker.js HTTP/2.0805https://code.ay0ks.wtf/_static/out/browser/serviceWorker.jsMozilla/5.0 (Windows NT 10.0; Win64; x64) AppleWebKit/537.36 (KHTML, like Gecko) Chrome/124.0.0.0 Safari/537.36212.58.120.158
162.158.151.144 - - [01/May/2024:08:08:25 +0000]  200 GET /stable-9a28bc29dbddb6886dfe03dc1c31320249a901ce?reconnectionToken=60e52c22-e040-4c34-969b-fd7ab8b74ff1&reconnection=true&skipWebSocketFrames=false HTTP/1.1803-Mozilla/5.0 (Windows NT 10.0; Win64; x64) AppleWebKit/537.36 (KHTML, like Gecko) Chrome/124.0.0.0 Safari/537.36212.58.120.158
162.158.151.144 - - [01/May/2024:08:08:25 +0000]  200 GET /stable-9a28bc29dbddb6886dfe03dc1c31320249a901ce?reconnectionToken=dd6271e4-b1cc-402d-8c4d-631e102e8c11&reconnection=true&skipWebSocketFrames=false HTTP/1.1803-Mozilla/5.0 (Windows NT 10.0; Win64; x64) AppleWebKit/537.36 (KHTML, like Gecko) Chrome/124.0.0.0 Safari/537.36212.58.120.158
162.158.151.143 - - [01/May/2024:08:08:30 +0000]  201 POST /api/v2/users/first HTTP/2.0108-Mozilla/5.0 (Windows NT 10.0; Win64; x64) AppleWebKit/537.36 (KHTML, like Gecko) Chrome/124.0.0.0 Safari/537.36212.58.120.158
162.158.151.143 - - [01/May/2024:08:08:30 +0000]  201 POST /api/v2/users/login HTTP/2.054-Mozilla/5.0 (Windows NT 10.0; Win64; x64) AppleWebKit/537.36 (KHTML, like Gecko) Chrome/124.0.0.0 Safari/537.36212.58.120.158
162.158.151.143 - - [01/May/2024:08:08:31 +0000]  200 POST /api/v2/authcheck HTTP/2.0163-Mozilla/5.0 (Windows NT 10.0; Win64; x64) AppleWebKit/537.36 (KHTML, like Gecko) Chrome/124.0.0.0 Safari/537.36212.58.120.158
162.158.151.142 - - [01/May/2024:08:08:31 +0000]  200 GET /api/v2/users/me HTTP/2.0287-Mozilla/5.0 (Windows NT 10.0; Win64; x64) AppleWebKit/537.36 (KHTML, like Gecko) Chrome/124.0.0.0 Safari/537.36212.58.120.158
162.158.151.143 - - [01/May/2024:08:08:31 +0000]  200 POST /api/v2/authcheck HTTP/2.0163-Mozilla/5.0 (Windows NT 10.0; Win64; x64) AppleWebKit/537.36 (KHTML, like Gecko) Chrome/124.0.0.0 Safari/537.36212.58.120.158
162.158.151.143 - - [01/May/2024:08:08:31 +0000]  200 GET /api/v2/experiments HTTP/2.03-Mozilla/5.0 (Windows NT 10.0; Win64; x64) AppleWebKit/537.36 (KHTML, like Gecko) Chrome/124.0.0.0 Safari/537.36212.58.120.158
162.158.151.142 - - [01/May/2024:08:08:31 +0000]  200 GET /api/v2/entitlements HTTP/2.0359-Mozilla/5.0 (Windows NT 10.0; Win64; x64) AppleWebKit/537.36 (KHTML, like Gecko) Chrome/124.0.0.0 Safari/537.36212.58.120.158
162.158.151.143 - - [01/May/2024:08:08:31 +0000]  200 GET /api/v2/buildinfo HTTP/2.0207-Mozilla/5.0 (Windows NT 10.0; Win64; x64) AppleWebKit/537.36 (KHTML, like Gecko) Chrome/124.0.0.0 Safari/537.36212.58.120.158
162.158.151.143 - - [01/May/2024:08:08:31 +0000]  200 GET /api/v2/appearance HTTP/2.0301-Mozilla/5.0 (Windows NT 10.0; Win64; x64) AppleWebKit/537.36 (KHTML, like Gecko) Chrome/124.0.0.0 Safari/537.36212.58.120.158
162.158.151.143 - - [01/May/2024:08:08:31 +0000]  200 GET /api/v2/deployment/stats HTTP/2.0239-Mozilla/5.0 (Windows NT 10.0; Win64; x64) AppleWebKit/537.36 (KHTML, like Gecko) Chrome/124.0.0.0 Safari/537.36212.58.120.158
162.158.151.142 - - [01/May/2024:08:08:31 +0000]  200 GET /api/v2/updatecheck HTTP/2.0101-Mozilla/5.0 (Windows NT 10.0; Win64; x64) AppleWebKit/537.36 (KHTML, like Gecko) Chrome/124.0.0.0 Safari/537.36212.58.120.158
162.158.151.143 - - [01/May/2024:08:08:31 +0000]  403 GET /api/v2/workspaceproxies HTTP/2.096-Mozilla/5.0 (Windows NT 10.0; Win64; x64) AppleWebKit/537.36 (KHTML, like Gecko) Chrome/124.0.0.0 Safari/537.36212.58.120.158
162.158.151.143 - - [01/May/2024:08:08:32 +0000]  200 GET /api/v2/users?limit=25 HTTP/2.0299-Mozilla/5.0 (Windows NT 10.0; Win64; x64) AppleWebKit/537.36 (KHTML, like Gecko) Chrome/124.0.0.0 Safari/537.36212.58.120.158
162.158.151.143 - - [01/May/2024:08:08:32 +0000]  200 GET /api/v2/organizations/3741045f-5eb2-4a99-93ed-b96bffdbddda/templates?deprecated=false HTTP/2.03-Mozilla/5.0 (Windows NT 10.0; Win64; x64) AppleWebKit/537.36 (KHTML, like Gecko) Chrome/124.0.0.0 Safari/537.36212.58.120.158
162.158.151.142 - - [01/May/2024:08:08:32 +0000]  200 GET /api/v2/organizations/3741045f-5eb2-4a99-93ed-b96bffdbddda/templates HTTP/2.03-Mozilla/5.0 (Windows NT 10.0; Win64; x64) AppleWebKit/537.36 (KHTML, like Gecko) Chrome/124.0.0.0 Safari/537.36212.58.120.158
162.158.151.143 - - [01/May/2024:08:08:32 +0000]  200 GET /api/v2/workspaces?q=owner%3Ame&limit=25&offset=0 HTTP/2.048-Mozilla/5.0 (Windows NT 10.0; Win64; x64) AppleWebKit/537.36 (KHTML, like Gecko) Chrome/124.0.0.0 Safari/537.36212.58.120.158
162.158.151.152 - - [01/May/2024:08:08:32 +0000]  200 GET /assets/ibm-plex-mono-latin-400-normal-3c5a451f.woff2 HTTP/1.114812-Mozilla/5.0 (Windows NT 10.0; Win64; x64) AppleWebKit/537.36 (KHTML, like Gecko) Chrome/124.0.0.0 Safari/537.36212.58.120.158
162.158.151.133 - - [01/May/2024:08:08:32 +0000]  200 GET /featured/workspaces.webp HTTP/1.157577-Mozilla/5.0 (Windows NT 10.0; Win64; x64) AppleWebKit/537.36 (KHTML, like Gecko) Chrome/124.0.0.0 Safari/537.36212.58.120.158
162.158.151.143 - - [01/May/2024:08:08:33 +0000]  200 GET /api/v2/debug/health?force=false HTTP/2.02731-Mozilla/5.0 (Windows NT 10.0; Win64; x64) AppleWebKit/537.36 (KHTML, like Gecko) Chrome/124.0.0.0 Safari/537.36212.58.120.158
162.158.151.143 - - [01/May/2024:08:08:43 +0000]  200 GET /api/v2/workspaces?q=owner%3Ame&limit=25&offset=0 HTTP/2.048-Mozilla/5.0 (Windows NT 10.0; Win64; x64) AppleWebKit/537.36 (KHTML, like Gecko) Chrome/124.0.0.0 Safari/537.36212.58.120.158
162.158.151.135 - - [01/May/2024:08:08:43 +0000]  200 GET /stable-9a28bc29dbddb6886dfe03dc1c31320249a901ce?reconnectionToken=60e52c22-e040-4c34-969b-fd7ab8b74ff1&reconnection=true&skipWebSocketFrames=false HTTP/1.11707-Mozilla/5.0 (Windows NT 10.0; Win64; x64) AppleWebKit/537.36 (KHTML, like Gecko) Chrome/124.0.0.0 Safari/537.36212.58.120.158
162.158.151.148 - - [01/May/2024:08:08:43 +0000]  200 GET /stable-9a28bc29dbddb6886dfe03dc1c31320249a901ce?reconnectionToken=dd6271e4-b1cc-402d-8c4d-631e102e8c11&reconnection=true&skipWebSocketFrames=false HTTP/1.11708-Mozilla/5.0 (Windows NT 10.0; Win64; x64) AppleWebKit/537.36 (KHTML, like Gecko) Chrome/124.0.0.0 Safari/537.36212.58.120.158
162.158.151.143 - - [01/May/2024:08:08:48 +0000]  200 GET /api/v2/workspaces?q=owner%3Ame&limit=25&offset=0 HTTP/2.048-Mozilla/5.0 (Windows NT 10.0; Win64; x64) AppleWebKit/537.36 (KHTML, like Gecko) Chrome/124.0.0.0 Safari/537.36212.58.120.158
162.158.151.142 - - [01/May/2024:08:08:53 +0000]  200 GET /api/v2/workspaces?q=owner%3Ame&limit=25&offset=0 HTTP/2.048-Mozilla/5.0 (Windows NT 10.0; Win64; x64) AppleWebKit/537.36 (KHTML, like Gecko) Chrome/124.0.0.0 Safari/537.36212.58.120.158
162.158.151.155 - - [01/May/2024:08:08:55 +0000]  200 GET /stable-9a28bc29dbddb6886dfe03dc1c31320249a901ce?reconnectionToken=60e52c22-e040-4c34-969b-fd7ab8b74ff1&reconnection=true&skipWebSocketFrames=false HTTP/1.11704-Mozilla/5.0 (Windows NT 10.0; Win64; x64) AppleWebKit/537.36 (KHTML, like Gecko) Chrome/124.0.0.0 Safari/537.36212.58.120.158
162.158.151.144 - - [01/May/2024:08:08:55 +0000]  200 GET /stable-9a28bc29dbddb6886dfe03dc1c31320249a901ce?reconnectionToken=dd6271e4-b1cc-402d-8c4d-631e102e8c11&reconnection=true&skipWebSocketFrames=false HTTP/1.11707-Mozilla/5.0 (Windows NT 10.0; Win64; x64) AppleWebKit/537.36 (KHTML, like Gecko) Chrome/124.0.0.0 Safari/537.36212.58.120.158
162.158.151.143 - - [01/May/2024:08:08:58 +0000]  200 GET /api/v2/workspaces?q=owner%3Ame&limit=25&offset=0 HTTP/2.048-Mozilla/5.0 (Windows NT 10.0; Win64; x64) AppleWebKit/537.36 (KHTML, like Gecko) Chrome/124.0.0.0 Safari/537.36212.58.120.158
162.158.151.143 - - [01/May/2024:08:09:04 +0000]  200 GET /api/v2/workspaces?q=owner%3Ame&limit=25&offset=0 HTTP/2.048-Mozilla/5.0 (Windows NT 10.0; Win64; x64) AppleWebKit/537.36 (KHTML, like Gecko) Chrome/124.0.0.0 Safari/537.36212.58.120.158
162.158.151.143 - - [01/May/2024:08:09:04 +0000]  200 GET /api/v2/deployment/stats HTTP/2.0240-Mozilla/5.0 (Windows NT 10.0; Win64; x64) AppleWebKit/537.36 (KHTML, like Gecko) Chrome/124.0.0.0 Safari/537.36212.58.120.158
162.158.151.143 - - [01/May/2024:08:09:09 +0000]  200 GET /api/v2/workspaces?q=owner%3Ame&limit=25&offset=0 HTTP/2.048-Mozilla/5.0 (Windows NT 10.0; Win64; x64) AppleWebKit/537.36 (KHTML, like Gecko) Chrome/124.0.0.0 Safari/537.36212.58.120.158
162.158.151.142 - - [01/May/2024:08:09:14 +0000]  200 GET /api/v2/workspaces?q=owner%3Ame&limit=25&offset=0 HTTP/2.048-Mozilla/5.0 (Windows NT 10.0; Win64; x64) AppleWebKit/537.36 (KHTML, like Gecko) Chrome/124.0.0.0 Safari/537.36212.58.120.158
162.158.151.143 - - [01/May/2024:08:09:19 +0000]  200 GET /api/v2/workspaces?q=owner%3Ame&limit=25&offset=0 HTTP/2.048-Mozilla/5.0 (Windows NT 10.0; Win64; x64) AppleWebKit/537.36 (KHTML, like Gecko) Chrome/124.0.0.0 Safari/537.36212.58.120.158
162.158.151.143 - - [01/May/2024:08:09:24 +0000]  200 GET /api/v2/workspaces?q=owner%3Ame&limit=25&offset=0 HTTP/2.048-Mozilla/5.0 (Windows NT 10.0; Win64; x64) AppleWebKit/537.36 (KHTML, like Gecko) Chrome/124.0.0.0 Safari/537.36212.58.120.158
162.158.151.137 - - [01/May/2024:08:09:27 +0000]  200 GET /stable-9a28bc29dbddb6886dfe03dc1c31320249a901ce?reconnectionToken=60e52c22-e040-4c34-969b-fd7ab8b74ff1&reconnection=true&skipWebSocketFrames=false HTTP/1.11710-Mozilla/5.0 (Windows NT 10.0; Win64; x64) AppleWebKit/537.36 (KHTML, like Gecko) Chrome/124.0.0.0 Safari/537.36212.58.120.158
162.158.151.143 - - [01/May/2024:08:09:30 +0000]  200 GET /api/v2/workspaces?q=owner%3Ame&limit=25&offset=0 HTTP/2.048-Mozilla/5.0 (Windows NT 10.0; Win64; x64) AppleWebKit/537.36 (KHTML, like Gecko) Chrome/124.0.0.0 Safari/537.36212.58.120.158
162.158.151.142 - - [01/May/2024:08:09:30 +0000]  200 GET /stable-9a28bc29dbddb6886dfe03dc1c31320249a901ce?reconnectionToken=dd6271e4-b1cc-402d-8c4d-631e102e8c11&reconnection=true&skipWebSocketFrames=false HTTP/1.11706-Mozilla/5.0 (Windows NT 10.0; Win64; x64) AppleWebKit/537.36 (KHTML, like Gecko) Chrome/124.0.0.0 Safari/537.36212.58.120.158
162.158.151.143 - - [01/May/2024:08:09:34 +0000]  200 GET /api/v2/deployment/stats HTTP/2.0236-Mozilla/5.0 (Windows NT 10.0; Win64; x64) AppleWebKit/537.36 (KHTML, like Gecko) Chrome/124.0.0.0 Safari/537.36212.58.120.158
162.158.151.142 - - [01/May/2024:08:09:35 +0000]  200 GET /api/v2/workspaces?q=owner%3Ame&limit=25&offset=0 HTTP/2.048-Mozilla/5.0 (Windows NT 10.0; Win64; x64) AppleWebKit/537.36 (KHTML, like Gecko) Chrome/124.0.0.0 Safari/537.36212.58.120.158
162.158.151.143 - - [01/May/2024:08:09:40 +0000]  200 GET /api/v2/workspaces?q=owner%3Ame&limit=25&offset=0 HTTP/2.048-Mozilla/5.0 (Windows NT 10.0; Win64; x64) AppleWebKit/537.36 (KHTML, like Gecko) Chrome/124.0.0.0 Safari/537.36212.58.120.158
162.158.151.143 - - [01/May/2024:08:09:45 +0000]  200 GET /api/v2/workspaces?q=owner%3Ame&limit=25&offset=0 HTTP/2.048-Mozilla/5.0 (Windows NT 10.0; Win64; x64) AppleWebKit/537.36 (KHTML, like Gecko) Chrome/124.0.0.0 Safari/537.36212.58.120.158
162.158.151.143 - - [01/May/2024:08:09:51 +0000]  200 GET /api/v2/workspaces?q=owner%3Ame&limit=25&offset=0 HTTP/2.048-Mozilla/5.0 (Windows NT 10.0; Win64; x64) AppleWebKit/537.36 (KHTML, like Gecko) Chrome/124.0.0.0 Safari/537.36212.58.120.158
162.158.151.143 - - [01/May/2024:08:09:56 +0000]  200 GET /api/v2/workspaces?q=owner%3Ame&limit=25&offset=0 HTTP/2.048-Mozilla/5.0 (Windows NT 10.0; Win64; x64) AppleWebKit/537.36 (KHTML, like Gecko) Chrome/124.0.0.0 Safari/537.36212.58.120.158
162.158.151.141 - - [01/May/2024:08:09:58 +0000]  200 GET /stable-9a28bc29dbddb6886dfe03dc1c31320249a901ce?reconnectionToken=60e52c22-e040-4c34-969b-fd7ab8b74ff1&reconnection=true&skipWebSocketFrames=false HTTP/1.11710-Mozilla/5.0 (Windows NT 10.0; Win64; x64) AppleWebKit/537.36 (KHTML, like Gecko) Chrome/124.0.0.0 Safari/537.36212.58.120.158
162.158.151.137 - - [01/May/2024:08:10:01 +0000]  200 GET /stable-9a28bc29dbddb6886dfe03dc1c31320249a901ce?reconnectionToken=dd6271e4-b1cc-402d-8c4d-631e102e8c11&reconnection=true&skipWebSocketFrames=false HTTP/1.11707-Mozilla/5.0 (Windows NT 10.0; Win64; x64) AppleWebKit/537.36 (KHTML, like Gecko) Chrome/124.0.0.0 Safari/537.36212.58.120.158
162.158.151.142 - - [01/May/2024:08:10:01 +0000]  200 GET /api/v2/workspaces?q=owner%3Ame&limit=25&offset=0 HTTP/2.048-Mozilla/5.0 (Windows NT 10.0; Win64; x64) AppleWebKit/537.36 (KHTML, like Gecko) Chrome/124.0.0.0 Safari/537.36212.58.120.158
162.158.151.143 - - [01/May/2024:08:10:05 +0000]  200 GET /api/v2/deployment/stats HTTP/2.0237-Mozilla/5.0 (Windows NT 10.0; Win64; x64) AppleWebKit/537.36 (KHTML, like Gecko) Chrome/124.0.0.0 Safari/537.36212.58.120.158
162.158.151.143 - - [01/May/2024:08:10:06 +0000]  200 GET /api/v2/workspaces?q=owner%3Ame&limit=25&offset=0 HTTP/2.048-Mozilla/5.0 (Windows NT 10.0; Win64; x64) AppleWebKit/537.36 (KHTML, like Gecko) Chrome/124.0.0.0 Safari/537.36212.58.120.158
162.158.151.143 - - [01/May/2024:08:10:11 +0000]  200 GET /api/v2/workspaces?q=owner%3Ame&limit=25&offset=0 HTTP/2.048-Mozilla/5.0 (Windows NT 10.0; Win64; x64) AppleWebKit/537.36 (KHTML, like Gecko) Chrome/124.0.0.0 Safari/537.36212.58.120.158
162.158.151.143 - - [01/May/2024:08:10:17 +0000]  200 GET /api/v2/workspaces?q=owner%3Ame&limit=25&offset=0 HTTP/2.048-Mozilla/5.0 (Windows NT 10.0; Win64; x64) AppleWebKit/537.36 (KHTML, like Gecko) Chrome/124.0.0.0 Safari/537.36212.58.120.158
162.158.151.142 - - [01/May/2024:08:10:22 +0000]  200 GET /api/v2/workspaces?q=owner%3Ame&limit=25&offset=0 HTTP/2.048-Mozilla/5.0 (Windows NT 10.0; Win64; x64) AppleWebKit/537.36 (KHTML, like Gecko) Chrome/124.0.0.0 Safari/537.36212.58.120.158
162.158.151.143 - - [01/May/2024:08:10:27 +0000]  200 GET /api/v2/workspaces?q=owner%3Ame&limit=25&offset=0 HTTP/2.048-Mozilla/5.0 (Windows NT 10.0; Win64; x64) AppleWebKit/537.36 (KHTML, like Gecko) Chrome/124.0.0.0 Safari/537.36212.58.120.158
162.158.151.142 - - [01/May/2024:08:10:29 +0000]  200 GET /stable-9a28bc29dbddb6886dfe03dc1c31320249a901ce?reconnectionToken=60e52c22-e040-4c34-969b-fd7ab8b74ff1&reconnection=true&skipWebSocketFrames=false HTTP/1.11708-Mozilla/5.0 (Windows NT 10.0; Win64; x64) AppleWebKit/537.36 (KHTML, like Gecko) Chrome/124.0.0.0 Safari/537.36212.58.120.158
162.158.151.149 - - [01/May/2024:08:10:32 +0000]  200 GET /stable-9a28bc29dbddb6886dfe03dc1c31320249a901ce?reconnectionToken=dd6271e4-b1cc-402d-8c4d-631e102e8c11&reconnection=true&skipWebSocketFrames=false HTTP/1.11710-Mozilla/5.0 (Windows NT 10.0; Win64; x64) AppleWebKit/537.36 (KHTML, like Gecko) Chrome/124.0.0.0 Safari/537.36212.58.120.158
162.158.151.143 - - [01/May/2024:08:10:32 +0000]  200 GET /api/v2/workspaces?q=owner%3Ame&limit=25&offset=0 HTTP/2.048-Mozilla/5.0 (Windows NT 10.0; Win64; x64) AppleWebKit/537.36 (KHTML, like Gecko) Chrome/124.0.0.0 Safari/537.36212.58.120.158
162.158.151.143 - - [01/May/2024:08:10:35 +0000]  200 GET /api/v2/deployment/stats HTTP/2.0235-Mozilla/5.0 (Windows NT 10.0; Win64; x64) AppleWebKit/537.36 (KHTML, like Gecko) Chrome/124.0.0.0 Safari/537.36212.58.120.158
162.158.151.143 - - [01/May/2024:08:10:38 +0000]  200 GET /api/v2/workspaces?q=owner%3Ame&limit=25&offset=0 HTTP/2.048-Mozilla/5.0 (Windows NT 10.0; Win64; x64) AppleWebKit/537.36 (KHTML, like Gecko) Chrome/124.0.0.0 Safari/537.36212.58.120.158
162.158.151.142 - - [01/May/2024:08:10:43 +0000]  200 GET /api/v2/workspaces?q=owner%3Ame&limit=25&offset=0 HTTP/2.048-Mozilla/5.0 (Windows NT 10.0; Win64; x64) AppleWebKit/537.36 (KHTML, like Gecko) Chrome/124.0.0.0 Safari/537.36212.58.120.158
162.158.151.143 - - [01/May/2024:08:10:48 +0000]  200 GET /api/v2/workspaces?q=owner%3Ame&limit=25&offset=0 HTTP/2.048-Mozilla/5.0 (Windows NT 10.0; Win64; x64) AppleWebKit/537.36 (KHTML, like Gecko) Chrome/124.0.0.0 Safari/537.36212.58.120.158
162.158.151.143 - - [01/May/2024:08:10:53 +0000]  200 GET /api/v2/workspaces?q=owner%3Ame&limit=25&offset=0 HTTP/2.048-Mozilla/5.0 (Windows NT 10.0; Win64; x64) AppleWebKit/537.36 (KHTML, like Gecko) Chrome/124.0.0.0 Safari/537.36212.58.120.158
162.158.151.143 - - [01/May/2024:08:10:58 +0000]  200 GET /api/v2/workspaces?q=owner%3Ame&limit=25&offset=0 HTTP/2.048-Mozilla/5.0 (Windows NT 10.0; Win64; x64) AppleWebKit/537.36 (KHTML, like Gecko) Chrome/124.0.0.0 Safari/537.36212.58.120.158
162.158.151.145 - - [01/May/2024:08:11:00 +0000]  200 GET /stable-9a28bc29dbddb6886dfe03dc1c31320249a901ce?reconnectionToken=60e52c22-e040-4c34-969b-fd7ab8b74ff1&reconnection=true&skipWebSocketFrames=false HTTP/1.11708-Mozilla/5.0 (Windows NT 10.0; Win64; x64) AppleWebKit/537.36 (KHTML, like Gecko) Chrome/124.0.0.0 Safari/537.36212.58.120.158
162.158.151.147 - - [01/May/2024:08:11:03 +0000]  200 GET /stable-9a28bc29dbddb6886dfe03dc1c31320249a901ce?reconnectionToken=dd6271e4-b1cc-402d-8c4d-631e102e8c11&reconnection=true&skipWebSocketFrames=false HTTP/1.11713-Mozilla/5.0 (Windows NT 10.0; Win64; x64) AppleWebKit/537.36 (KHTML, like Gecko) Chrome/124.0.0.0 Safari/537.36212.58.120.158
162.158.151.143 - - [01/May/2024:08:11:04 +0000]  200 GET /api/v2/workspaces?q=owner%3Ame&limit=25&offset=0 HTTP/2.048-Mozilla/5.0 (Windows NT 10.0; Win64; x64) AppleWebKit/537.36 (KHTML, like Gecko) Chrome/124.0.0.0 Safari/537.36212.58.120.158
162.158.151.142 - - [01/May/2024:08:11:06 +0000]  200 GET /api/v2/deployment/stats HTTP/2.0237-Mozilla/5.0 (Windows NT 10.0; Win64; x64) AppleWebKit/537.36 (KHTML, like Gecko) Chrome/124.0.0.0 Safari/537.36212.58.120.158
162.158.151.143 - - [01/May/2024:08:11:09 +0000]  200 GET /api/v2/workspaces?q=owner%3Ame&limit=25&offset=0 HTTP/2.048-Mozilla/5.0 (Windows NT 10.0; Win64; x64) AppleWebKit/537.36 (KHTML, like Gecko) Chrome/124.0.0.0 Safari/537.36212.58.120.158
162.158.151.143 - - [01/May/2024:08:11:14 +0000]  200 GET /api/v2/workspaces?q=owner%3Ame&limit=25&offset=0 HTTP/2.048-Mozilla/5.0 (Windows NT 10.0; Win64; x64) AppleWebKit/537.36 (KHTML, like Gecko) Chrome/124.0.0.0 Safari/537.36212.58.120.158
162.158.151.143 - - [01/May/2024:08:11:19 +0000]  200 GET /api/v2/workspaces?q=owner%3Ame&limit=25&offset=0 HTTP/2.048-Mozilla/5.0 (Windows NT 10.0; Win64; x64) AppleWebKit/537.36 (KHTML, like Gecko) Chrome/124.0.0.0 Safari/537.36212.58.120.158
162.158.151.143 - - [01/May/2024:08:11:24 +0000]  200 GET /api/v2/workspaces?q=owner%3Ame&limit=25&offset=0 HTTP/2.048-Mozilla/5.0 (Windows NT 10.0; Win64; x64) AppleWebKit/537.36 (KHTML, like Gecko) Chrome/124.0.0.0 Safari/537.36212.58.120.158
162.158.151.142 - - [01/May/2024:08:11:30 +0000]  200 GET /api/v2/workspaces?q=owner%3Ame&limit=25&offset=0 HTTP/2.048-Mozilla/5.0 (Windows NT 10.0; Win64; x64) AppleWebKit/537.36 (KHTML, like Gecko) Chrome/124.0.0.0 Safari/537.36212.58.120.158
162.158.151.154 - - [01/May/2024:08:11:31 +0000]  200 GET /stable-9a28bc29dbddb6886dfe03dc1c31320249a901ce?reconnectionToken=60e52c22-e040-4c34-969b-fd7ab8b74ff1&reconnection=true&skipWebSocketFrames=false HTTP/1.11714-Mozilla/5.0 (Windows NT 10.0; Win64; x64) AppleWebKit/537.36 (KHTML, like Gecko) Chrome/124.0.0.0 Safari/537.36212.58.120.158
162.158.151.142 - - [01/May/2024:08:11:34 +0000]  200 GET /stable-9a28bc29dbddb6886dfe03dc1c31320249a901ce?reconnectionToken=dd6271e4-b1cc-402d-8c4d-631e102e8c11&reconnection=true&skipWebSocketFrames=false HTTP/1.11709-Mozilla/5.0 (Windows NT 10.0; Win64; x64) AppleWebKit/537.36 (KHTML, like Gecko) Chrome/124.0.0.0 Safari/537.36212.58.120.158
162.158.151.143 - - [01/May/2024:08:11:35 +0000]  200 GET /api/v2/workspaces?q=owner%3Ame&limit=25&offset=0 HTTP/2.048-Mozilla/5.0 (Windows NT 10.0; Win64; x64) AppleWebKit/537.36 (KHTML, like Gecko) Chrome/124.0.0.0 Safari/537.36212.58.120.158
162.158.151.143 - - [01/May/2024:08:11:36 +0000]  200 GET /api/v2/deployment/stats HTTP/2.0235-Mozilla/5.0 (Windows NT 10.0; Win64; x64) AppleWebKit/537.36 (KHTML, like Gecko) Chrome/124.0.0.0 Safari/537.36212.58.120.158
162.158.151.143 - - [01/May/2024:08:11:40 +0000]  200 GET /api/v2/workspaces?q=owner%3Ame&limit=25&offset=0 HTTP/2.048-Mozilla/5.0 (Windows NT 10.0; Win64; x64) AppleWebKit/537.36 (KHTML, like Gecko) Chrome/124.0.0.0 Safari/537.36212.58.120.158
162.158.151.143 - - [01/May/2024:08:11:45 +0000]  200 GET /api/v2/workspaces?q=owner%3Ame&limit=25&offset=0 HTTP/2.048-Mozilla/5.0 (Windows NT 10.0; Win64; x64) AppleWebKit/537.36 (KHTML, like Gecko) Chrome/124.0.0.0 Safari/537.36212.58.120.158
162.158.151.142 - - [01/May/2024:08:11:51 +0000]  200 GET /api/v2/workspaces?q=owner%3Ame&limit=25&offset=0 HTTP/2.048-Mozilla/5.0 (Windows NT 10.0; Win64; x64) AppleWebKit/537.36 (KHTML, like Gecko) Chrome/124.0.0.0 Safari/537.36212.58.120.158
162.158.151.143 - - [01/May/2024:08:11:56 +0000]  200 GET /api/v2/workspaces?q=owner%3Ame&limit=25&offset=0 HTTP/2.048-Mozilla/5.0 (Windows NT 10.0; Win64; x64) AppleWebKit/537.36 (KHTML, like Gecko) Chrome/124.0.0.0 Safari/537.36212.58.120.158
162.158.151.143 - - [01/May/2024:08:12:01 +0000]  200 GET /api/v2/workspaces?q=owner%3Ame&limit=25&offset=0 HTTP/2.048-Mozilla/5.0 (Windows NT 10.0; Win64; x64) AppleWebKit/537.36 (KHTML, like Gecko) Chrome/124.0.0.0 Safari/537.36212.58.120.158
162.158.151.134 - - [01/May/2024:08:12:02 +0000]  200 GET /stable-9a28bc29dbddb6886dfe03dc1c31320249a901ce?reconnectionToken=60e52c22-e040-4c34-969b-fd7ab8b74ff1&reconnection=true&skipWebSocketFrames=false HTTP/1.11711-Mozilla/5.0 (Windows NT 10.0; Win64; x64) AppleWebKit/537.36 (KHTML, like Gecko) Chrome/124.0.0.0 Safari/537.36212.58.120.158
162.158.151.133 - - [01/May/2024:08:12:05 +0000]  200 GET /stable-9a28bc29dbddb6886dfe03dc1c31320249a901ce?reconnectionToken=dd6271e4-b1cc-402d-8c4d-631e102e8c11&reconnection=true&skipWebSocketFrames=false HTTP/1.11714-Mozilla/5.0 (Windows NT 10.0; Win64; x64) AppleWebKit/537.36 (KHTML, like Gecko) Chrome/124.0.0.0 Safari/537.36212.58.120.158
162.158.151.143 - - [01/May/2024:08:12:06 +0000]  200 GET /api/v2/workspaces?q=owner%3Ame&limit=25&offset=0 HTTP/2.048-Mozilla/5.0 (Windows NT 10.0; Win64; x64) AppleWebKit/537.36 (KHTML, like Gecko) Chrome/124.0.0.0 Safari/537.36212.58.120.158
162.158.151.143 - - [01/May/2024:08:12:06 +0000]  200 GET /api/v2/deployment/stats HTTP/2.0236-Mozilla/5.0 (Windows NT 10.0; Win64; x64) AppleWebKit/537.36 (KHTML, like Gecko) Chrome/124.0.0.0 Safari/537.36212.58.120.158
162.158.151.142 - - [01/May/2024:08:12:11 +0000]  200 GET /api/v2/workspaces?q=owner%3Ame&limit=25&offset=0 HTTP/2.048-Mozilla/5.0 (Windows NT 10.0; Win64; x64) AppleWebKit/537.36 (KHTML, like Gecko) Chrome/124.0.0.0 Safari/537.36212.58.120.158
162.158.151.143 - - [01/May/2024:08:12:17 +0000]  200 GET /api/v2/workspaces?q=owner%3Ame&limit=25&offset=0 HTTP/2.048-Mozilla/5.0 (Windows NT 10.0; Win64; x64) AppleWebKit/537.36 (KHTML, like Gecko) Chrome/124.0.0.0 Safari/537.36212.58.120.158
162.158.151.143 - - [01/May/2024:08:12:22 +0000]  200 GET /api/v2/workspaces?q=owner%3Ame&limit=25&offset=0 HTTP/2.048-Mozilla/5.0 (Windows NT 10.0; Win64; x64) AppleWebKit/537.36 (KHTML, like Gecko) Chrome/124.0.0.0 Safari/537.36212.58.120.158
162.158.151.143 - - [01/May/2024:08:12:24 +0000]  200 GET /api/v2/organizations/3741045f-5eb2-4a99-93ed-b96bffdbddda/templates HTTP/2.03-Mozilla/5.0 (Windows NT 10.0; Win64; x64) AppleWebKit/537.36 (KHTML, like Gecko) Chrome/124.0.0.0 Safari/537.36212.58.120.158
162.158.151.143 - - [01/May/2024:08:12:24 +0000]  200 GET /api/v2/organizations/3741045f-5eb2-4a99-93ed-b96bffdbddda/templates/examples HTTP/2.04631-Mozilla/5.0 (Windows NT 10.0; Win64; x64) AppleWebKit/537.36 (KHTML, like Gecko) Chrome/124.0.0.0 Safari/537.36212.58.120.158
162.158.151.134 - - [01/May/2024:08:12:24 +0000]  200 GET /icon/aws.svg HTTP/1.11640-Mozilla/5.0 (Windows NT 10.0; Win64; x64) AppleWebKit/537.36 (KHTML, like Gecko) Chrome/124.0.0.0 Safari/537.36212.58.120.158
162.158.151.142 - - [01/May/2024:08:12:24 +0000]  200 GET /icon/k8s.png HTTP/2.05278-Mozilla/5.0 (Windows NT 10.0; Win64; x64) AppleWebKit/537.36 (KHTML, like Gecko) Chrome/124.0.0.0 Safari/537.36212.58.120.158
162.158.151.135 - - [01/May/2024:08:12:24 +0000]  200 GET /icon/gcp.png HTTP/2.010795-Mozilla/5.0 (Windows NT 10.0; Win64; x64) AppleWebKit/537.36 (KHTML, like Gecko) Chrome/124.0.0.0 Safari/537.36212.58.120.158
162.158.151.140 - - [01/May/2024:08:12:24 +0000]  200 GET /icon/docker.png HTTP/2.05868-Mozilla/5.0 (Windows NT 10.0; Win64; x64) AppleWebKit/537.36 (KHTML, like Gecko) Chrome/124.0.0.0 Safari/537.36212.58.120.158
162.158.151.154 - - [01/May/2024:08:12:33 +0000]  200 GET /stable-9a28bc29dbddb6886dfe03dc1c31320249a901ce?reconnectionToken=60e52c22-e040-4c34-969b-fd7ab8b74ff1&reconnection=true&skipWebSocketFrames=false HTTP/1.11707-Mozilla/5.0 (Windows NT 10.0; Win64; x64) AppleWebKit/537.36 (KHTML, like Gecko) Chrome/124.0.0.0 Safari/537.36212.58.120.158
162.158.151.140 - - [01/May/2024:08:12:33 +0000]  200 GET /assets/FullPageHorizontalForm-398d4d6e.js HTTP/2.0209-Mozilla/5.0 (Windows NT 10.0; Win64; x64) AppleWebKit/537.36 (KHTML, like Gecko) Chrome/124.0.0.0 Safari/537.36212.58.120.158
162.158.151.133 - - [01/May/2024:08:12:33 +0000]  200 GET /assets/RadioGroup-a8fe2fcb.js HTTP/1.11677-Mozilla/5.0 (Windows NT 10.0; Win64; x64) AppleWebKit/537.36 (KHTML, like Gecko) Chrome/124.0.0.0 Safari/537.36212.58.120.158
162.158.151.136 - - [01/May/2024:08:12:34 +0000]  200 GET /assets/VariableInput-92aeb09d.js HTTP/2.0977-Mozilla/5.0 (Windows NT 10.0; Win64; x64) AppleWebKit/537.36 (KHTML, like Gecko) Chrome/124.0.0.0 Safari/537.36212.58.120.158
162.158.151.137 - - [01/May/2024:08:12:34 +0000]  200 GET /assets/CreateTemplatePage-14758901.js HTTP/2.04025-Mozilla/5.0 (Windows NT 10.0; Win64; x64) AppleWebKit/537.36 (KHTML, like Gecko) Chrome/124.0.0.0 Safari/537.36212.58.120.158
162.158.151.145 - - [01/May/2024:08:12:34 +0000]  200 GET /assets/FormGroup-2c6293a8.js HTTP/2.0469-Mozilla/5.0 (Windows NT 10.0; Win64; x64) AppleWebKit/537.36 (KHTML, like Gecko) Chrome/124.0.0.0 Safari/537.36212.58.120.158
162.158.151.132 - - [01/May/2024:08:12:34 +0000]  200 GET /assets/FormControlLabel-b566a1c5.js HTTP/2.01110-Mozilla/5.0 (Windows NT 10.0; Win64; x64) AppleWebKit/537.36 (KHTML, like Gecko) Chrome/124.0.0.0 Safari/537.36212.58.120.158
162.158.151.148 - - [01/May/2024:08:12:34 +0000]  200 GET /assets/WorkspaceBuildLogs-c68a4c4f.js HTTP/2.01114-Mozilla/5.0 (Windows NT 10.0; Win64; x64) AppleWebKit/537.36 (KHTML, like Gecko) Chrome/124.0.0.0 Safari/537.36212.58.120.158
162.158.151.139 - - [01/May/2024:08:12:34 +0000]  200 GET /assets/IconField-017acc30.js HTTP/2.0855-Mozilla/5.0 (Windows NT 10.0; Win64; x64) AppleWebKit/537.36 (KHTML, like Gecko) Chrome/124.0.0.0 Safari/537.36212.58.120.158
162.158.151.149 - - [01/May/2024:08:12:34 +0000]  200 GET /assets/DeleteOutline-10c93158.js HTTP/2.0249-Mozilla/5.0 (Windows NT 10.0; Win64; x64) AppleWebKit/537.36 (KHTML, like Gecko) Chrome/124.0.0.0 Safari/537.36212.58.120.158
162.158.151.153 - - [01/May/2024:08:12:34 +0000]  200 GET /assets/FileUpload-ccf0eb3e.js HTTP/2.01499-Mozilla/5.0 (Windows NT 10.0; Win64; x64) AppleWebKit/537.36 (KHTML, like Gecko) Chrome/124.0.0.0 Safari/537.36212.58.120.158
162.158.151.140 - - [01/May/2024:08:12:34 +0000]  200 GET /assets/schedule-dc95864d.js HTTP/2.031206-Mozilla/5.0 (Windows NT 10.0; Win64; x64) AppleWebKit/537.36 (KHTML, like Gecko) Chrome/124.0.0.0 Safari/537.36212.58.120.158
162.158.151.153 - - [01/May/2024:08:12:34 +0000]  200 GET /assets/icons-6d7043de.js HTTP/2.0473-Mozilla/5.0 (Windows NT 10.0; Win64; x64) AppleWebKit/537.36 (KHTML, like Gecko) Chrome/124.0.0.0 Safari/537.36212.58.120.158
162.158.151.140 - - [01/May/2024:08:12:34 +0000]  200 GET /assets/EmojiPicker-5242fb25.js HTTP/2.0102680-Mozilla/5.0 (Windows NT 10.0; Win64; x64) AppleWebKit/537.36 (KHTML, like Gecko) Chrome/124.0.0.0 Safari/537.36212.58.120.158
162.158.151.143 - - [01/May/2024:08:12:34 +0000]  200 GET /api/v2/organizations/3741045f-5eb2-4a99-93ed-b96bffdbddda/templates/examples HTTP/2.04631-Mozilla/5.0 (Windows NT 10.0; Win64; x64) AppleWebKit/537.36 (KHTML, like Gecko) Chrome/124.0.0.0 Safari/537.36212.58.120.158
162.158.151.144 - - [01/May/2024:08:12:36 +0000]  200 GET /stable-9a28bc29dbddb6886dfe03dc1c31320249a901ce?reconnectionToken=dd6271e4-b1cc-402d-8c4d-631e102e8c11&reconnection=true&skipWebSocketFrames=false HTTP/1.11711-Mozilla/5.0 (Windows NT 10.0; Win64; x64) AppleWebKit/537.36 (KHTML, like Gecko) Chrome/124.0.0.0 Safari/537.36212.58.120.158
162.158.151.143 - - [01/May/2024:08:12:37 +0000]  200 GET /api/v2/deployment/stats HTTP/2.0236-Mozilla/5.0 (Windows NT 10.0; Win64; x64) AppleWebKit/537.36 (KHTML, like Gecko) Chrome/124.0.0.0 Safari/537.36212.58.120.158
162.158.151.143 - - [01/May/2024:08:12:38 +0000]  201 POST /api/v2/organizations/3741045f-5eb2-4a99-93ed-b96bffdbddda/templateversions HTTP/2.0662-Mozilla/5.0 (Windows NT 10.0; Win64; x64) AppleWebKit/537.36 (KHTML, like Gecko) Chrome/124.0.0.0 Safari/537.36212.58.120.158
162.158.151.143 - - [01/May/2024:08:12:39 +0000]  200 GET /api/v2/templateversions/647343a5-8d6e-4b6d-8b1b-9dba9f1b048e HTTP/2.01404-Mozilla/5.0 (Windows NT 10.0; Win64; x64) AppleWebKit/537.36 (KHTML, like Gecko) Chrome/124.0.0.0 Safari/537.36212.58.120.158
162.158.151.142 - - [01/May/2024:08:12:39 +0000]  200 GET /api/v2/templateversions/647343a5-8d6e-4b6d-8b1b-9dba9f1b048e/logs HTTP/2.0193-Mozilla/5.0 (Windows NT 10.0; Win64; x64) AppleWebKit/537.36 (KHTML, like Gecko) Chrome/124.0.0.0 Safari/537.36212.58.120.158
162.158.151.143 - - [01/May/2024:08:12:39 +0000]  200 GET /api/v2/templateversions/647343a5-8d6e-4b6d-8b1b-9dba9f1b048e/variables HTTP/2.0359-Mozilla/5.0 (Windows NT 10.0; Win64; x64) AppleWebKit/537.36 (KHTML, like Gecko) Chrome/124.0.0.0 Safari/537.36212.58.120.158
162.158.151.143 - - [01/May/2024:08:13:01 +0000]  201 POST /api/v2/organizations/3741045f-5eb2-4a99-93ed-b96bffdbddda/templateversions HTTP/2.0660-Mozilla/5.0 (Windows NT 10.0; Win64; x64) AppleWebKit/537.36 (KHTML, like Gecko) Chrome/124.0.0.0 Safari/537.36212.58.120.158
162.158.151.143 - - [01/May/2024:08:13:03 +0000]  200 GET /api/v2/templateversions/22043439-f6aa-4e8d-a02c-5b4682802355 HTTP/2.01313-Mozilla/5.0 (Windows NT 10.0; Win64; x64) AppleWebKit/537.36 (KHTML, like Gecko) Chrome/124.0.0.0 Safari/537.36212.58.120.158
162.158.151.143 - - [01/May/2024:08:13:04 +0000]  200 GET /api/v2/templateversions/22043439-f6aa-4e8d-a02c-5b4682802355 HTTP/2.01313-Mozilla/5.0 (Windows NT 10.0; Win64; x64) AppleWebKit/537.36 (KHTML, like Gecko) Chrome/124.0.0.0 Safari/537.36212.58.120.158
162.158.151.133 - - [01/May/2024:08:13:04 +0000]  200 GET /stable-9a28bc29dbddb6886dfe03dc1c31320249a901ce?reconnectionToken=60e52c22-e040-4c34-969b-fd7ab8b74ff1&reconnection=true&skipWebSocketFrames=false HTTP/1.11711-Mozilla/5.0 (Windows NT 10.0; Win64; x64) AppleWebKit/537.36 (KHTML, like Gecko) Chrome/124.0.0.0 Safari/537.36212.58.120.158
162.158.151.142 - - [01/May/2024:08:13:05 +0000]  200 GET /api/v2/templateversions/22043439-f6aa-4e8d-a02c-5b4682802355 HTTP/2.01313-Mozilla/5.0 (Windows NT 10.0; Win64; x64) AppleWebKit/537.36 (KHTML, like Gecko) Chrome/124.0.0.0 Safari/537.36212.58.120.158
162.158.151.143 - - [01/May/2024:08:13:06 +0000]  200 GET /api/v2/templateversions/22043439-f6aa-4e8d-a02c-5b4682802355 HTTP/2.01313-Mozilla/5.0 (Windows NT 10.0; Win64; x64) AppleWebKit/537.36 (KHTML, like Gecko) Chrome/124.0.0.0 Safari/537.36212.58.120.158
162.158.151.154 - - [01/May/2024:08:13:07 +0000]  200 GET /stable-9a28bc29dbddb6886dfe03dc1c31320249a901ce?reconnectionToken=dd6271e4-b1cc-402d-8c4d-631e102e8c11&reconnection=true&skipWebSocketFrames=false HTTP/1.11716-Mozilla/5.0 (Windows NT 10.0; Win64; x64) AppleWebKit/537.36 (KHTML, like Gecko) Chrome/124.0.0.0 Safari/537.36212.58.120.158
162.158.151.143 - - [01/May/2024:08:13:07 +0000]  200 GET /api/v2/deployment/stats HTTP/2.0237-Mozilla/5.0 (Windows NT 10.0; Win64; x64) AppleWebKit/537.36 (KHTML, like Gecko) Chrome/124.0.0.0 Safari/537.36212.58.120.158
162.158.151.143 - - [01/May/2024:08:13:07 +0000]  200 GET /api/v2/templateversions/22043439-f6aa-4e8d-a02c-5b4682802355 HTTP/2.01313-Mozilla/5.0 (Windows NT 10.0; Win64; x64) AppleWebKit/537.36 (KHTML, like Gecko) Chrome/124.0.0.0 Safari/537.36212.58.120.158
162.158.151.143 - - [01/May/2024:08:13:09 +0000]  200 GET /api/v2/templateversions/22043439-f6aa-4e8d-a02c-5b4682802355 HTTP/2.01313-Mozilla/5.0 (Windows NT 10.0; Win64; x64) AppleWebKit/537.36 (KHTML, like Gecko) Chrome/124.0.0.0 Safari/537.36212.58.120.158
162.158.151.142 - - [01/May/2024:08:13:10 +0000]  200 GET /api/v2/templateversions/22043439-f6aa-4e8d-a02c-5b4682802355 HTTP/2.01313-Mozilla/5.0 (Windows NT 10.0; Win64; x64) AppleWebKit/537.36 (KHTML, like Gecko) Chrome/124.0.0.0 Safari/537.36212.58.120.158
162.158.151.143 - - [01/May/2024:08:13:11 +0000]  200 GET /api/v2/templateversions/22043439-f6aa-4e8d-a02c-5b4682802355 HTTP/2.01313-Mozilla/5.0 (Windows NT 10.0; Win64; x64) AppleWebKit/537.36 (KHTML, like Gecko) Chrome/124.0.0.0 Safari/537.36212.58.120.158
162.158.151.143 - - [01/May/2024:08:13:12 +0000]  200 GET /api/v2/templateversions/22043439-f6aa-4e8d-a02c-5b4682802355 HTTP/2.01313-Mozilla/5.0 (Windows NT 10.0; Win64; x64) AppleWebKit/537.36 (KHTML, like Gecko) Chrome/124.0.0.0 Safari/537.36212.58.120.158
162.158.151.143 - - [01/May/2024:08:13:13 +0000]  200 GET /api/v2/templateversions/22043439-f6aa-4e8d-a02c-5b4682802355 HTTP/2.01313-Mozilla/5.0 (Windows NT 10.0; Win64; x64) AppleWebKit/537.36 (KHTML, like Gecko) Chrome/124.0.0.0 Safari/537.36212.58.120.158
162.158.151.143 - - [01/May/2024:08:13:14 +0000]  200 GET /api/v2/templateversions/22043439-f6aa-4e8d-a02c-5b4682802355 HTTP/2.01313-Mozilla/5.0 (Windows NT 10.0; Win64; x64) AppleWebKit/537.36 (KHTML, like Gecko) Chrome/124.0.0.0 Safari/537.36212.58.120.158
162.158.151.142 - - [01/May/2024:08:13:16 +0000]  200 GET /api/v2/templateversions/22043439-f6aa-4e8d-a02c-5b4682802355 HTTP/2.01313-Mozilla/5.0 (Windows NT 10.0; Win64; x64) AppleWebKit/537.36 (KHTML, like Gecko) Chrome/124.0.0.0 Safari/537.36212.58.120.158
162.158.151.152 - - [01/May/2024:08:13:16 +0000]  101 GET /api/v2/templateversions/22043439-f6aa-4e8d-a02c-5b4682802355/logs?follow=true HTTP/1.114184-Mozilla/5.0 (Windows NT 10.0; Win64; x64) AppleWebKit/537.36 (KHTML, like Gecko) Chrome/124.0.0.0 Safari/537.36212.58.120.158
162.158.151.143 - - [01/May/2024:08:13:17 +0000]  200 GET /api/v2/templateversions/22043439-f6aa-4e8d-a02c-5b4682802355 HTTP/2.01330-Mozilla/5.0 (Windows NT 10.0; Win64; x64) AppleWebKit/537.36 (KHTML, like Gecko) Chrome/124.0.0.0 Safari/537.36212.58.120.158
162.158.151.143 - - [01/May/2024:08:13:17 +0000]  201 POST /api/v2/organizations/3741045f-5eb2-4a99-93ed-b96bffdbddda/templates HTTP/2.01156-Mozilla/5.0 (Windows NT 10.0; Win64; x64) AppleWebKit/537.36 (KHTML, like Gecko) Chrome/124.0.0.0 Safari/537.36212.58.120.158
162.158.151.143 - - [01/May/2024:08:13:17 +0000]  200 GET /api/v2/organizations/3741045f-5eb2-4a99-93ed-b96bffdbddda/templates/kubernetes HTTP/2.0605-Mozilla/5.0 (Windows NT 10.0; Win64; x64) AppleWebKit/537.36 (KHTML, like Gecko) Chrome/124.0.0.0 Safari/537.36212.58.120.158
162.158.151.142 - - [01/May/2024:08:13:18 +0000]  200 POST /api/v2/authcheck HTTP/2.062-Mozilla/5.0 (Windows NT 10.0; Win64; x64) AppleWebKit/537.36 (KHTML, like Gecko) Chrome/124.0.0.0 Safari/537.36212.58.120.158
162.158.151.143 - - [01/May/2024:08:13:18 +0000]  200 GET /api/v2/templateversions/22043439-f6aa-4e8d-a02c-5b4682802355 HTTP/2.01349-Mozilla/5.0 (Windows NT 10.0; Win64; x64) AppleWebKit/537.36 (KHTML, like Gecko) Chrome/124.0.0.0 Safari/537.36212.58.120.158
162.158.151.132 - - [01/May/2024:08:13:18 +0000]  200 GET /assets/TemplateFilesPage-6a90cd12.js HTTP/2.0397-Mozilla/5.0 (Windows NT 10.0; Win64; x64) AppleWebKit/537.36 (KHTML, like Gecko) Chrome/124.0.0.0 Safari/537.36212.58.120.158
